Component: ARM Compiler 5.06 update 6 (build 750) Tool: armlink [4d35ed]

==============================================================================

Section Cross References

    stm32f4xx_hal_can_1.o(i.HAL_CAN_DeInit) refers to stm32f4xx_hal_can_1.o(i.HAL_CAN_Stop) for HAL_CAN_Stop
    stm32f4xx_hal_can_1.o(i.HAL_CAN_DeInit) refers to can.o(i.HAL_CAN_MspDeInit) for HAL_CAN_MspDeInit
    stm32f4xx_hal_can_1.o(i.HAL_CAN_IRQHandler) refers to stm32f4xx_hal_can_1.o(i.HAL_CAN_TxMailbox0CompleteCallback) for HAL_CAN_TxMailbox0CompleteCallback
    stm32f4xx_hal_can_1.o(i.HAL_CAN_IRQHandler) refers to stm32f4xx_hal_can_1.o(i.HAL_CAN_TxMailbox0AbortCallback) for HAL_CAN_TxMailbox0AbortCallback
    stm32f4xx_hal_can_1.o(i.HAL_CAN_IRQHandler) refers to stm32f4xx_hal_can_1.o(i.HAL_CAN_TxMailbox1CompleteCallback) for HAL_CAN_TxMailbox1CompleteCallback
    stm32f4xx_hal_can_1.o(i.HAL_CAN_IRQHandler) refers to stm32f4xx_hal_can_1.o(i.HAL_CAN_TxMailbox1AbortCallback) for HAL_CAN_TxMailbox1AbortCallback
    stm32f4xx_hal_can_1.o(i.HAL_CAN_IRQHandler) refers to stm32f4xx_hal_can_1.o(i.HAL_CAN_TxMailbox2CompleteCallback) for HAL_CAN_TxMailbox2CompleteCallback
    stm32f4xx_hal_can_1.o(i.HAL_CAN_IRQHandler) refers to stm32f4xx_hal_can_1.o(i.HAL_CAN_TxMailbox2AbortCallback) for HAL_CAN_TxMailbox2AbortCallback
    stm32f4xx_hal_can_1.o(i.HAL_CAN_IRQHandler) refers to stm32f4xx_hal_can_1.o(i.HAL_CAN_RxFifo0FullCallback) for HAL_CAN_RxFifo0FullCallback
    stm32f4xx_hal_can_1.o(i.HAL_CAN_IRQHandler) refers to stm32f4xx_hal_can_1.o(i.HAL_CAN_RxFifo0MsgPendingCallback) for HAL_CAN_RxFifo0MsgPendingCallback
    stm32f4xx_hal_can_1.o(i.HAL_CAN_IRQHandler) refers to stm32f4xx_hal_can_1.o(i.HAL_CAN_RxFifo1FullCallback) for HAL_CAN_RxFifo1FullCallback
    stm32f4xx_hal_can_1.o(i.HAL_CAN_IRQHandler) refers to stm32f4xx_hal_can_1.o(i.HAL_CAN_RxFifo1MsgPendingCallback) for HAL_CAN_RxFifo1MsgPendingCallback
    stm32f4xx_hal_can_1.o(i.HAL_CAN_IRQHandler) refers to stm32f4xx_hal_can_1.o(i.HAL_CAN_SleepCallback) for HAL_CAN_SleepCallback
    stm32f4xx_hal_can_1.o(i.HAL_CAN_IRQHandler) refers to stm32f4xx_hal_can_1.o(i.HAL_CAN_WakeUpFromRxMsgCallback) for HAL_CAN_WakeUpFromRxMsgCallback
    stm32f4xx_hal_can_1.o(i.HAL_CAN_IRQHandler) refers to stm32f4xx_hal_can_1.o(i.HAL_CAN_ErrorCallback) for HAL_CAN_ErrorCallback
    stm32f4xx_hal_can_1.o(i.HAL_CAN_Init) refers to can.o(i.HAL_CAN_MspInit) for HAL_CAN_MspInit
    stm32f4xx_hal_can_1.o(i.HAL_CAN_Init) refers to stm32f4xx_hal.o(i.HAL_GetTick) for HAL_GetTick
    stm32f4xx_hal_can_1.o(i.HAL_CAN_Start) refers to stm32f4xx_hal.o(i.HAL_GetTick) for HAL_GetTick
    stm32f4xx_hal_can_1.o(i.HAL_CAN_Stop) refers to stm32f4xx_hal.o(i.HAL_GetTick) for HAL_GetTick
    stm32f4xx_hal_spi.o(i.HAL_SPI_Abort) refers to stm32f4xx_hal_dma.o(i.HAL_DMA_Abort) for HAL_DMA_Abort
    stm32f4xx_hal_spi.o(i.HAL_SPI_Abort) refers to system_stm32f4xx.o(.data) for SystemCoreClock
    stm32f4xx_hal_spi.o(i.HAL_SPI_Abort) refers to stm32f4xx_hal_spi.o(i.SPI_AbortTx_ISR) for SPI_AbortTx_ISR
    stm32f4xx_hal_spi.o(i.HAL_SPI_Abort) refers to stm32f4xx_hal_spi.o(i.SPI_AbortRx_ISR) for SPI_AbortRx_ISR
    stm32f4xx_hal_spi.o(i.HAL_SPI_Abort_IT) refers to stm32f4xx_hal_dma.o(i.HAL_DMA_Abort_IT) for HAL_DMA_Abort_IT
    stm32f4xx_hal_spi.o(i.HAL_SPI_Abort_IT) refers to stm32f4xx_hal_spi.o(i.HAL_SPI_AbortCpltCallback) for HAL_SPI_AbortCpltCallback
    stm32f4xx_hal_spi.o(i.HAL_SPI_Abort_IT) refers to stm32f4xx_hal_spi.o(i.SPI_AbortTx_ISR) for SPI_AbortTx_ISR
    stm32f4xx_hal_spi.o(i.HAL_SPI_Abort_IT) refers to stm32f4xx_hal_spi.o(i.SPI_AbortRx_ISR) for SPI_AbortRx_ISR
    stm32f4xx_hal_spi.o(i.HAL_SPI_Abort_IT) refers to stm32f4xx_hal_spi.o(i.SPI_DMATxAbortCallback) for SPI_DMATxAbortCallback
    stm32f4xx_hal_spi.o(i.HAL_SPI_Abort_IT) refers to stm32f4xx_hal_spi.o(i.SPI_DMARxAbortCallback) for SPI_DMARxAbortCallback
    stm32f4xx_hal_spi.o(i.HAL_SPI_DMAStop) refers to stm32f4xx_hal_dma.o(i.HAL_DMA_Abort) for HAL_DMA_Abort
    stm32f4xx_hal_spi.o(i.HAL_SPI_DeInit) refers to spi.o(i.HAL_SPI_MspDeInit) for HAL_SPI_MspDeInit
    stm32f4xx_hal_spi.o(i.HAL_SPI_IRQHandler) refers to stm32f4xx_hal_dma.o(i.HAL_DMA_Abort_IT) for HAL_DMA_Abort_IT
    stm32f4xx_hal_spi.o(i.HAL_SPI_IRQHandler) refers to stm32f4xx_hal_spi.o(i.HAL_SPI_ErrorCallback) for HAL_SPI_ErrorCallback
    stm32f4xx_hal_spi.o(i.HAL_SPI_IRQHandler) refers to stm32f4xx_hal_spi.o(i.SPI_DMAAbortOnError) for SPI_DMAAbortOnError
    stm32f4xx_hal_spi.o(i.HAL_SPI_Init) refers to spi.o(i.HAL_SPI_MspInit) for HAL_SPI_MspInit
    stm32f4xx_hal_spi.o(i.HAL_SPI_Receive) refers to stm32f4xx_hal.o(i.HAL_GetTick) for HAL_GetTick
    stm32f4xx_hal_spi.o(i.HAL_SPI_Receive) refers to stm32f4xx_hal_spi.o(i.HAL_SPI_TransmitReceive) for HAL_SPI_TransmitReceive
    stm32f4xx_hal_spi.o(i.HAL_SPI_Receive_DMA) refers to stm32f4xx_hal_spi.o(i.HAL_SPI_TransmitReceive_DMA) for HAL_SPI_TransmitReceive_DMA
[...]
    ../mathlib/atan2.c                       0x00000000   Number         0  atan2.o ABSOLUTE
    ../mathlib/dunder.c                      0x00000000   Number         0  dunder.o ABSOLUTE
    ../mathlib/fabs.c                        0x00000000   Number         0  fabs.o ABSOLUTE
    ../mathlib/fpclassify.c                  0x00000000   Number         0  fpclassify.o ABSOLUTE
    ../mathlib/poly.c                        0x00000000   Number         0  poly.o ABSOLUTE
    ../mathlib/qnan.c                        0x00000000   Number         0  qnan.o ABSOLUTE
    ../mathlib/sqrt.c                        0x00000000   Number         0  sqrt.o ABSOLUTE
    ../mathlib/sqrt.c                        0x00000000   Number         0  sqrt_x.o ABSOLUTE
    ..\Drivers\STM32F4xx_HAL_Driver\Src\stm32f4xx_hal.c 0x00000000   Number         0  stm32f4xx_hal.o ABSOLUTE
    ..\Drivers\STM32F4xx_HAL_Driver\Src\stm32f4xx_hal_can.c 0x00000000   Number         0  stm32f4xx_hal_can_1.o ABSOLUTE
    ..\Drivers\STM32F4xx_HAL_Driver\Src\stm32f4xx_hal_cortex.c 0x00000000   Number         0  stm32f4xx_hal_cortex.o ABSOLUTE
    ..\Drivers\STM32F4xx_HAL_Driver\Src\stm32f4xx_hal_dma.c 0x00000000   Number         0  stm32f4xx_hal_dma.o ABSOLUTE
    ..\Drivers\STM32F4xx_HAL_Driver\Src\stm32f4xx_hal_dma_ex.c 0x00000000   Number         0  stm32f4xx_hal_dma_ex.o ABSOLUTE
    ..\Drivers\STM32F4xx_HAL_Driver\Src\stm32f4xx_hal_flash.c 0x00000000   Number         0  stm32f4xx_hal_flash.o ABSOLUTE
    ..\Drivers\STM32F4xx_HAL_Driver\Src\stm32f4xx_hal_flash_ex.c 0x00000000   Number         0  stm32f4xx_hal_flash_ex.o ABSOLUTE
    ..\Drivers\STM32F4xx_HAL_Driver\Src\stm32f4xx_hal_flash_ramfunc.c 0x00000000   Number         0  stm32f4xx_hal_flash_ramfunc.o ABSOLUTE
    ..\Drivers\STM32F4xx_HAL_Driver\Src\stm32f4xx_hal_gpio.c 0x00000000   Number         0  stm32f4xx_hal_gpio.o ABSOLUTE
    ..\Drivers\STM32F4xx_HAL_Driver\Src\stm32f4xx_hal_pwr.c 0x00000000   Number         0  stm32f4xx_hal_pwr.o ABSOLUTE
    ..\Drivers\STM32F4xx_HAL_Driver\Src\stm32f4xx_hal_pwr_ex.c 0x00000000   Number         0  stm32f4xx_hal_pwr_ex.o ABSOLUTE
    ..\Drivers\STM32F4xx_HAL_Driver\Src\stm32f4xx_hal_rcc.c 0x00000000   Number         0  stm32f4xx_hal_rcc.o ABSOLUTE
    ..\Drivers\STM32F4xx_HAL_Driver\Src\stm32f4xx_hal_rcc_ex.c 0x00000000   Number         0  stm32f4xx_hal_rcc_ex.o ABSOLUTE
    ..\Drivers\STM32F4xx_HAL_Driver\Src\stm32f4xx_hal_spi.c 0x00000000   Number         0  stm32f4xx_hal_spi.o ABSOLUTE
    ..\Drivers\STM32F4xx_HAL_Driver\Src\stm32f4xx_hal_tim.c 0x00000000   Number         0  stm32f4xx_hal_tim.o ABSOLUTE
    ..\Drivers\STM32F4xx_HAL_Driver\Src\stm32f4xx_hal_tim_ex.c 0x00000000   Number         0  stm32f4xx_hal_tim_ex.o ABSOLUTE
    ..\Drivers\STM32F4xx_HAL_Driver\Src\stm32f4xx_hal_uart.c 0x00000000   Number         0  stm32f4xx_hal_uart.o ABSOLUTE
    ..\Src\can.c                             0x00000000   Number         0  can.o ABSOLUTE
    ..\Src\dma.c                             0x00000000   Number         0  dma_1.o ABSOLUTE
    ..\Src\gpio.c                            0x00000000   Number         0  gpio.o ABSOLUTE
    ..\Src\main.c                            0x00000000   Number         0  main.o ABSOLUTE
    ..\Src\spi.c                             0x00000000   Number         0  spi.o ABSOLUTE
    ..\Src\stm32f4xx_hal_msp.c               0x00000000   Number         0  stm32f4xx_hal_msp.o ABSOLUTE
    ..\Src\stm32f4xx_it.c                    0x00000000   Number         0  stm32f4xx_it.o ABSOLUTE
    ..\Src\tim.c                             0x00000000   Number         0  tim_1.o ABSOLUTE
    ..\Src\usart.c                           0x00000000   Number         0  usart.o ABSOLUTE
    ..\\Src\\can.c                           0x00000000   Number         0  can.o ABSOLUTE
    ..\\Src\system_stm32f4xx.c               0x00000000   Number         0  system_stm32f4xx.o ABSOLUTE
    bsp\\bsp_imu.c                           0x00000000   Number         0  bsp_imu.o ABSOLUTE
    bsp\\bsp_uart.c                          0x00000000   Number         0  bsp_uart.o ABSOLUTE
    bsp\bsp_imu.c                            0x00000000   Number         0  bsp_imu.o ABSOLUTE
    bsp\bsp_uart.c                           0x00000000   Number         0  bsp_uart.o ABSOLUTE
    cdcmple.s                                0x00000000   Number         0  cdcmple.o ABSOLUTE
    cdrcmple.s                               0x00000000   Number         0  cdrcmple.o ABSOLUTE
    dc.s                                     0x00000000   Number         0  dc.o ABSOLUTE
    handlers.s                               0x00000000   Number         0  handlers.o ABSOLUTE
    init.s                                   0x00000000   Number         0  init.o ABSOLUTE
    startup_stm32f427xx.s                    0x00000000   Number         0  startup_stm32f427xx.o ABSOLUTE
    RESET                                    0x08000000   Section      428  startup_stm32f427xx.o(RESET)
    .ARM.Collect$$$$00000000                 0x080001ac   Section        0  entry.o(.ARM.Collect$$$$00000000)
    .ARM.Collect$$$$00000001                 0x080001ac   Section        4  entry2.o(.ARM.Collect$$$$00000001)
    .ARM.Collect$$$$00000004                 0x080001b0   Section        4  entry5.o(.ARM.Collect$$$$00000004)
    .ARM.Collect$$$$00000008                 0x080001b4   Section        0  entry7b.o(.ARM.Collect$$$$00000008)
    .ARM.Collect$$$$0000000A                 0x080001b4   Section        0  entry8b.o(.ARM.Collect$$$$0000000A)
    .ARM.Collect$$$$0000000B                 0x080001b4   Section        8  entry9a.o(.ARM.Collect$$$$0000000B)
    .ARM.Collect$$$$0000000D                 0x080001bc   Section        0  entry10a.o(.ARM.Collect$$$$0000000D)
    .ARM.Collect$$$$0000000F                 0x080001bc   Section        0  entry11a.o(.ARM.Collect$$$$0000000F)
    .ARM.Collect$$$$00002712                 0x080001bc   Section        4  entry2.o(.ARM.Collect$$$$00002712)
    __lit__00000000                          0x080001bc   Data           4  entry2.o(.ARM.Collect$$$$00002712)
    .text                                    0x080001c0   Section       36  startup_stm32f427xx.o(.text)
    $v0                                      0x080001c0   Number         0  startup_stm32f427xx.o(.text)
    .text                                    0x080001e4   Section        0  uldiv.o(.text)
    .text                                    0x08000246   Section        0  memcpya.o(.text)
    .text                                    0x0800026a   Section        0  dadd.o(.text)
    .text                                    0x080003b8   Section        0  dmul.o(.text)
    .text                                    0x0800049c   Section        0  dflti.o(.text)
    .text                                    0x080004be   Section        0  dfixi.o(.text)
    .text                                    0x080004fc   Section        0  f2d.o(.text)
    .text                                    0x08000524   Section       48  cdrcmple.o(.text)
    .text                                    0x08000554   Section        0  d2f.o(.text)
    .text                                    0x0800058c   Section        0  llshl.o(.text)
    .text                                    0x080005aa   Section        0  llushr.o(.text)
    .text                                    0x080005ca   Section        0  llsshr.o(.text)
    .text                                    0x080005ee   Section        0  fepilogue.o(.text)
    .text                                    0x080005ee   Section        0  iusefp.o(.text)
    .text                                    0x0800065c   Section        0  depilogue.o(.text)
    .text                                    0x08000716   Section        0  ddiv.o(.text)
    .text                                    0x080007f4   Section        0  dsqrt.o(.text)
    .text                                    0x08000898   Section       36  init.o(.text)
    .text                                    0x080008bc   Section        0  __dczerorl2.o(.text)
    i.BusFault_Handler                       0x08000912   Section        0  stm32f4xx_it.o(i.BusFault_Handler)
    i.CAN1_RX0_IRQHandler                    0x08000914   Section        0  stm32f4xx_it.o(i.CAN1_RX0_IRQHandler)
    i.CAN1_TX_IRQHandler                     0x08000940   Section        0  stm32f4xx_it.o(i.CAN1_TX_IRQHandler)
    i.CAN_Initialize                         0x0800094c   Section        0  can.o(i.CAN_Initialize)
    i.CAN_SendMsg                            0x080009f0   Section        0  can.o(i.CAN_SendMsg)
    i.CanReceiveMsgProcess                   0x080009f8   Section        0  can.o(i.CanReceiveMsgProcess)
    i.DMA2_Stream2_IRQHandler                0x08000aa0   Section        0  stm32f4xx_it.o(i.DMA2_Stream2_IRQHandler)
    i.DMA_CalcBaseAndBitshift                0x08000abc   Section        0  stm32f4xx_hal_dma.o(i.DMA_CalcBaseAndBitshift)
    DMA_CalcBaseAndBitshift                  0x08000abd   Thumb Code    34  stm32f4xx_hal_dma.o(i.DMA_CalcBaseAndBitshift)
    i.DMA_CheckFifoParam                     0x08000ae4   Section        0  stm32f4xx_hal_dma.o(i.DMA_CheckFifoParam)
    DMA_CheckFifoParam                       0x08000ae5   Thumb Code    84  stm32f4xx_hal_dma.o(i.DMA_CheckFifoParam)
    i.DMA_SetConfig                          0x08000b38   Section        0  stm32f4xx_hal_dma.o(i.DMA_SetConfig)
    DMA_SetConfig                            0x08000b39   Thumb Code    40  stm32f4xx_hal_dma.o(i.DMA_SetConfig)
    i.DebugMon_Handler                       0x08000b60   Section        0  stm32f4xx_it.o(i.DebugMon_Handler)
    i.EncoderProcess                         0x08000b64   Section        0  can.o(i.EncoderProcess)
    i.GM_task_stable                         0x08000c44   Section        0  can.o(i.GM_task_stable)
    i.GetEncoderBias                         0x08000e90   Section        0  can.o(i.GetEncoderBias)
    i.HAL_CAN_ActivateNotification           0x08000ea6   Section        0  stm32f4xx_hal_can_1.o(i.HAL_CAN_ActivateNotification)
    i.HAL_CAN_AddTxMessage                   0x08000ece   Section        0  stm32f4xx_hal_can_1.o(i.HAL_CAN_AddTxMessage)
    i.HAL_CAN_ConfigFilter                   0x08000f98   Section        0  stm32f4xx_hal_can_1.o(i.HAL_CAN_ConfigFilter)
    i.HAL_CAN_ErrorCallback                  0x080010a4   Section        0  stm32f4xx_hal_can_1.o(i.HAL_CAN_ErrorCallback)
    i.HAL_CAN_GetRxMessage                   0x080010a6   Section        0  stm32f4xx_hal_can_1.o(i.HAL_CAN_GetRxMessage)
    i.HAL_CAN_IRQHandler                     0x080011a0   Section        0  stm32f4xx_hal_can_1.o(i.HAL_CAN_IRQHandler)
    i.HAL_CAN_Init                           0x0800139c   Section        0  stm32f4xx_hal_can_1.o(i.HAL_CAN_Init)
    i.HAL_CAN_MspInit                        0x080014b8   Section        0  can.o(i.HAL_CAN_MspInit)
    i.HAL_CAN_RxFifo0FullCallback            0x08001520   Section        0  stm32f4xx_hal_can_1.o(i.HAL_CAN_RxFifo0FullCallback)
    i.HAL_CAN_RxFifo0MsgPendingCallback      0x08001522   Section        0  stm32f4xx_hal_can_1.o(i.HAL_CAN_RxFifo0MsgPendingCallback)
    i.HAL_CAN_RxFifo1FullCallback            0x08001524   Section        0  stm32f4xx_hal_can_1.o(i.HAL_CAN_RxFifo1FullCallback)
    i.HAL_CAN_RxFifo1MsgPendingCallback      0x08001526   Section        0  stm32f4xx_hal_can_1.o(i.HAL_CAN_RxFifo1MsgPendingCallback)
    i.HAL_CAN_SleepCallback                  0x08001528   Section        0  stm32f4xx_hal_can_1.o(i.HAL_CAN_SleepCallback)
    i.HAL_CAN_Start                          0x0800152c   Section        0  stm32f4xx_hal_can_1.o(i.HAL_CAN_Start)
    i.HAL_CAN_TxMailbox0AbortCallback        0x08001584   Section        0  stm32f4xx_hal_can_1.o(i.HAL_CAN_TxMailbox0AbortCallback)
    i.HAL_CAN_TxMailbox0CompleteCallback     0x08001586   Section        0  stm32f4xx_hal_can_1.o(i.HAL_CAN_TxMailbox0CompleteCallback)
    i.HAL_CAN_TxMailbox1AbortCallback        0x08001588   Section        0  stm32f4xx_hal_can_1.o(i.HAL_CAN_TxMailbox1AbortCallback)
    i.HAL_CAN_TxMailbox1CompleteCallback     0x0800158a   Section        0  stm32f4xx_hal_can_1.o(i.HAL_CAN_TxMailbox1CompleteCallback)
    i.HAL_CAN_TxMailbox2AbortCallback        0x0800158c   Section        0  stm32f4xx_hal_can_1.o(i.HAL_CAN_TxMailbox2AbortCallback)
    i.HAL_CAN_TxMailbox2CompleteCallback     0x0800158e   Section        0  stm32f4xx_hal_can_1.o(i.HAL_CAN_TxMailbox2CompleteCallback)
    i.HAL_CAN_WakeUpFromRxMsgCallback        0x08001590   Section        0  stm32f4xx_hal_can_1.o(i.HAL_CAN_WakeUpFromRxMsgCallback)
    i.HAL_DMA_Abort_IT                       0x08001592   Section        0  stm32f4xx_hal_dma.o(i.HAL_DMA_Abort_IT)
    i.HAL_DMA_IRQHandler                     0x080015b8   Section        0  stm32f4xx_hal_dma.o(i.HAL_DMA_IRQHandler)
    i.HAL_DMA_Init                           0x08001758   Section        0  stm32f4xx_hal_dma.o(i.HAL_DMA_Init)
    i.HAL_DMA_Start                          0x0800182c   Section        0  stm32f4xx_hal_dma.o(i.HAL_DMA_Start)
    i.HAL_Delay                              0x08001874   Section        0  stm32f4xx_hal.o(i.HAL_Delay)
    i.HAL_GPIO_Init                          0x08001898   Section        0  stm32f4xx_hal_gpio.o(i.HAL_GPIO_Init)
    i.HAL_GPIO_WritePin                      0x08001a64   Section        0  stm32f4xx_hal_gpio.o(i.HAL_GPIO_WritePin)
    i.HAL_GetTick                            0x08001a70   Section        0  stm32f4xx_hal.o(i.HAL_GetTick)
    i.HAL_IncTick                            0x08001a7c   Section        0  stm32f4xx_hal.o(i.HAL_IncTick)
    i.HAL_Init                               0x08001a8c   Section        0  stm32f4xx_hal.o(i.HAL_Init)
    i.HAL_InitTick                           0x08001ac0   Section        0  stm32f4xx_hal.o(i.HAL_InitTick)
    i.HAL_MspInit                            0x08001b00   Section        0  stm32f4xx_hal_msp.o(i.HAL_MspInit)
    i.HAL_NVIC_EnableIRQ                     0x08001b84   Section        0  stm32f4xx_hal_cortex.o(i.HAL_NVIC_EnableIRQ)
    i.HAL_NVIC_SetPriority                   0x08001b9c   Section        0  stm32f4xx_hal_cortex.o(i.HAL_NVIC_SetPriority)
    i.HAL_NVIC_SetPriorityGrouping           0x08001bdc   Section        0  stm32f4xx_hal_cortex.o(i.HAL_NVIC_SetPriorityGrouping)
    i.HAL_RCC_ClockConfig                    0x08001c00   Section        0  stm32f4xx_hal_rcc.o(i.HAL_RCC_ClockConfig)
    i.HAL_RCC_GetHCLKFreq                    0x08001d30   Section        0  stm32f4xx_hal_rcc.o(i.HAL_RCC_GetHCLKFreq)
    i.HAL_RCC_GetPCLK1Freq                   0x08001d3c   Section        0  stm32f4xx_hal_rcc.o(i.HAL_RCC_GetPCLK1Freq)
    i.HAL_RCC_GetPCLK2Freq                   0x08001d5c   Section        0  stm32f4xx_hal_rcc.o(i.HAL_RCC_GetPCLK2Freq)
    i.HAL_RCC_GetSysClockFreq                0x08001d7c   Section        0  stm32f4xx_hal_rcc.o(i.HAL_RCC_GetSysClockFreq)
    i.HAL_RCC_OscConfig                      0x08001de0   Section        0  stm32f4xx_hal_rcc.o(i.HAL_RCC_OscConfig)
    i.HAL_SPI_Init                           0x080020fc   Section        0  stm32f4xx_hal_spi.o(i.HAL_SPI_Init)
    i.HAL_SPI_MspInit                        0x0800217c   Section        0  spi.o(i.HAL_SPI_MspInit)
    i.HAL_SPI_TransmitReceive                0x080021c8   Section        0  stm32f4xx_hal_spi.o(i.HAL_SPI_TransmitReceive)
    i.HAL_SYSTICK_CLKSourceConfig            0x080023a0   Section        0  stm32f4xx_hal_cortex.o(i.HAL_SYSTICK_CLKSourceConfig)
    i.HAL_SYSTICK_Callback                   0x080023b8   Section        0  stm32f4xx_hal_cortex.o(i.HAL_SYSTICK_Callback)
    i.HAL_SYSTICK_Config                     0x080023ba   Section        0  stm32f4xx_hal_cortex.o(i.HAL_SYSTICK_Config)
    i.HAL_SYSTICK_IRQHandler                 0x080023e2   Section        0  stm32f4xx_hal_cortex.o(i.HAL_SYSTICK_IRQHandler)
    i.HAL_TIMEx_MasterConfigSynchronization  0x080023ea   Section        0  stm32f4xx_hal_tim_ex.o(i.HAL_TIMEx_MasterConfigSynchronization)
    i.HAL_TIM_Base_Init                      0x0800243a   Section        0  stm32f4xx_hal_tim.o(i.HAL_TIM_Base_Init)
    i.HAL_TIM_Base_MspInit                   0x08002470   Section        0  tim_1.o(i.HAL_TIM_Base_MspInit)
    i.HAL_UART_ErrorCallback                 0x08002498   Section        0  stm32f4xx_hal_uart.o(i.HAL_UART_ErrorCallback)
    i.HAL_UART_IRQHandler                    0x0800249c   Section        0  stm32f4xx_hal_uart.o(i.HAL_UART_IRQHandler)
    i.HAL_UART_Init                          0x080025ac   Section        0  stm32f4xx_hal_uart.o(i.HAL_UART_Init)
    i.HAL_UART_MspInit                       0x08002610   Section        0  usart.o(i.HAL_UART_MspInit)
    i.HAL_UART_RxCpltCallback                0x08002700   Section        0  stm32f4xx_hal_uart.o(i.HAL_UART_RxCpltCallback)
    i.HAL_UART_TxCpltCallback                0x08002702   Section        0  stm32f4xx_hal_uart.o(i.HAL_UART_TxCpltCallback)
    i.HardFault_Handler                      0x08002704   Section        0  stm32f4xx_it.o(i.HardFault_Handler)
    i.MX_DMA_Init                            0x08002708   Section        0  dma_1.o(i.MX_DMA_Init)
    i.MX_GPIO_Init                           0x08002734   Section        0  gpio.o(i.MX_GPIO_Init)
    i.MX_SPI5_Init                           0x08002804   Section        0  spi.o(i.MX_SPI5_Init)
    i.MX_TIM6_Init                           0x08002860   Section        0  tim_1.o(i.MX_TIM6_Init)
    i.MX_USART1_UART_Init                    0x080028b0   Section        0  usart.o(i.MX_USART1_UART_Init)
    i.MX_USART6_UART_Init                    0x08002904   Section        0  usart.o(i.MX_USART6_UART_Init)
    i.MemManage_Handler                      0x08002950   Section        0  stm32f4xx_it.o(i.MemManage_Handler)
    i.NMI_Handler                            0x08002952   Section        0  stm32f4xx_it.o(i.NMI_Handler)
    i.NVIC_SetPriority                       0x08002954   Section        0  stm32f4xx_hal_cortex.o(i.NVIC_SetPriority)
    NVIC_SetPriority                         0x08002955   Thumb Code    32  stm32f4xx_hal_cortex.o(i.NVIC_SetPriority)
    i.PID_Calc                               0x08002974   Section        0  can.o(i.PID_Calc)
    i.PID_Calc_Debug                         0x080029e8   Section        0  can.o(i.PID_Calc_Debug)
    i.PID_Reset                              0x08002a6c   Section        0  can.o(i.PID_Reset)
    i.PendSV_Handler                         0x08002a84   Section        0  stm32f4xx_it.o(i.PendSV_Handler)
    i.SPI_CheckFlag_BSY                      0x08002a86   Section        0  stm32f4xx_hal_spi.o(i.SPI_CheckFlag_BSY)
    SPI_CheckFlag_BSY                        0x08002a87   Thumb Code    32  stm32f4xx_hal_spi.o(i.SPI_CheckFlag_BSY)
    i.SPI_WaitFlagStateUntilTimeout          0x08002aa6   Section        0  stm32f4xx_hal_spi.o(i.SPI_WaitFlagStateUntilTimeout)
    SPI_WaitFlagStateUntilTimeout            0x08002aa7   Thumb Code   150  stm32f4xx_hal_spi.o(i.SPI_WaitFlagStateUntilTimeout)
    i.SVC_Handler                            0x08002b3c   Section        0  stm32f4xx_it.o(i.SVC_Handler)
    i.SysTick_Handler                        0x08002b3e   Section        0  stm32f4xx_it.o(i.SysTick_Handler)
    i.SystemClock_Config                     0x08002b4c   Section        0  main.o(i.SystemClock_Config)
    i.SystemInit                             0x08002bec   Section        0  system_stm32f4xx.o(i.SystemInit)
    i.TIM_Base_SetConfig                     0x08002c40   Section        0  stm32f4xx_hal_tim.o(i.TIM_Base_SetConfig)
    i.UART_DMAAbortOnError                   0x08002d00   Section        0  stm32f4xx_hal_uart.o(i.UART_DMAAbortOnError)
    UART_DMAAbortOnError                     0x08002d01   Thumb Code    16  stm32f4xx_hal_uart.o(i.UART_DMAAbortOnError)
    i.UART_EndRxTransfer                     0x08002d10   Section        0  stm32f4xx_hal_uart.o(i.UART_EndRxTransfer)
    UART_EndRxTransfer                       0x08002d11   Thumb Code    28  stm32f4xx_hal_uart.o(i.UART_EndRxTransfer)
    i.UART_Receive_IT                        0x08002d2c   Section        0  stm32f4xx_hal_uart.o(i.UART_Receive_IT)
    UART_Receive_IT                          0x08002d2d   Thumb Code   140  stm32f4xx_hal_uart.o(i.UART_Receive_IT)
    i.UART_SetConfig                         0x08002db8   Section        0  stm32f4xx_hal_uart.o(i.UART_SetConfig)
    UART_SetConfig                           0x08002db9   Thumb Code   676  stm32f4xx_hal_uart.o(i.UART_SetConfig)
    i.UART_Transmit_IT                       0x08003064   Section        0  stm32f4xx_hal_uart.o(i.UART_Transmit_IT)
    UART_Transmit_IT                         0x08003065   Thumb Code    98  stm32f4xx_hal_uart.o(i.UART_Transmit_IT)
    i.USART1_IRQHandler                      0x080030c8   Section        0  stm32f4xx_it.o(i.USART1_IRQHandler)
    i.USART6_IRQHandler                      0x080030e0   Section        0  stm32f4xx_it.o(i.USART6_IRQHandler)
    i.UsageFault_Handler                     0x080030ec   Section        0  stm32f4xx_it.o(i.UsageFault_Handler)
    i._Error_Handler                         0x080030ee   Section        0  main.o(i._Error_Handler)
    i.__ARM_fpclassify                       0x080030f0   Section        0  fpclassify.o(i.__ARM_fpclassify)
    i.__hardfp_asin                          0x08003120   Section        0  asin.o(i.__hardfp_asin)
    i.__hardfp_atan                          0x08003480   Section        0  atan.o(i.__hardfp_atan)
    i.__hardfp_atan2                         0x08003758   Section        0  atan2.o(i.__hardfp_atan2)
    i.__hardfp_fabs                          0x08003948   Section        0  fabs.o(i.__hardfp_fabs)
    i.__hardfp_sqrt                          0x0800395c   Section        0  sqrt.o(i.__hardfp_sqrt)
    i.__kernel_poly                          0x080039d6   Section        0  poly.o(i.__kernel_poly)
    i.__mathlib_dbl_infnan                   0x08003ace   Section        0  dunder.o(i.__mathlib_dbl_infnan)
    i.__mathlib_dbl_infnan2                  0x08003ae2   Section        0  dunder.o(i.__mathlib_dbl_infnan2)
    i.__mathlib_dbl_invalid                  0x08003af8   Section        0  dunder.o(i.__mathlib_dbl_invalid)
    i.__mathlib_dbl_underflow                0x08003b18   Section        0  dunder.o(i.__mathlib_dbl_underflow)
    i.__scatterload_copy                     0x08003b38   Section       14  handlers.o(i.__scatterload_copy)
    i.__scatterload_null                     0x08003b46   Section        2  handlers.o(i.__scatterload_null)
    i.__scatterload_zeroinit                 0x08003b48   Section       14  handlers.o(i.__scatterload_zeroinit)
    i.__set_errno                            0x08003b58   Section        0  errno.o(i.__set_errno)
    i.atan                                   0x08003b64   Section        0  atan.o(i.atan)
    i.dbus_uart_init                         0x08003b74   Section        0  bsp_uart.o(i.dbus_uart_init)
    i.fabs                                   0x08003bbc   Section        0  fabs.o(i.fabs)
    i.imu_ahrs_update                        0x08003bd4   Section        0  bsp_imu.o(i.imu_ahrs_update)
    i.imu_attitude_update                    0x08004080   Section        0  bsp_imu.o(i.imu_attitude_update)
    i.imu_data_filtering                     0x080041f4   Section        0  bsp_imu.o(i.imu_data_filtering)
    i.imu_init                               0x08004320   Section        0  bsp_imu.o(i.imu_init)
    i.init_quaternion                        0x08004390   Section        0  bsp_imu.o(i.init_quaternion)
    i.inv_sqrt                               0x0800455c   Section        0  bsp_imu.o(i.inv_sqrt)
    i.ist8310_get_data                       0x08004588   Section        0  bsp_imu.o(i.ist8310_get_data)
    i.ist8310_init                           0x08004592   Section        0  bsp_imu.o(i.ist8310_init)
    i.ist_reg_read_by_mpu                    0x08004692   Section        0  bsp_imu.o(i.ist_reg_read_by_mpu)
    ist_reg_read_by_mpu                      0x08004693   Thumb Code    56  bsp_imu.o(i.ist_reg_read_by_mpu)
    i.ist_reg_write_by_mpu                   0x080046ca   Section        0  bsp_imu.o(i.ist_reg_write_by_mpu)
    ist_reg_write_by_mpu                     0x080046cb   Thumb Code    66  bsp_imu.o(i.ist_reg_write_by_mpu)
    i.led_off                                0x0800470c   Section        0  gpio.o(i.led_off)
    i.main                                   0x08004730   Section        0  main.o(i.main)
    i.mpu_device_init                        0x08004820   Section        0  bsp_imu.o(i.mpu_device_init)
    i.mpu_get_data                           0x08004884   Section        0  bsp_imu.o(i.mpu_get_data)
    i.mpu_master_i2c_auto_read_config        0x08004984   Section        0  bsp_imu.o(i.mpu_master_i2c_auto_read_config)
    mpu_master_i2c_auto_read_config          0x08004985   Thumb Code   142  bsp_imu.o(i.mpu_master_i2c_auto_read_config)
    i.mpu_offset_call                        0x08004a14   Section        0  bsp_imu.o(i.mpu_offset_call)
    i.mpu_read_byte                          0x08004ab8   Section        0  bsp_imu.o(i.mpu_read_byte)
    i.mpu_read_bytes                         0x08004b08   Section        0  bsp_imu.o(i.mpu_read_bytes)
    i.mpu_set_accel_fsr                      0x08004b64   Section        0  bsp_imu.o(i.mpu_set_accel_fsr)
    i.mpu_set_gyro_fsr                       0x08004b6e   Section        0  bsp_imu.o(i.mpu_set_gyro_fsr)
    i.mpu_write_byte                         0x08004b78   Section        0  bsp_imu.o(i.mpu_write_byte)
    i.rc_callback_handler                    0x08004bcc   Section        0  bsp_uart.o(i.rc_callback_handler)
    i.set_CM_speed                           0x08004c58   Section        0  can.o(i.set_CM_speed)
    i.set_Chassis_Pid_Speed                  0x08004c8c   Section        0  can.o(i.set_Chassis_Pid_Speed)
    i.set_GM_speed                           0x08004f68   Section        0  can.o(i.set_GM_speed)
    i.sqrt                                   0x08004f88   Section        0  sqrt.o(i.sqrt)
    i.uart_receive_handler                   0x08004ff8   Section        0  bsp_uart.o(i.uart_receive_handler)
    .constdata                               0x08005058   Section        8  stm32f4xx_hal_dma.o(.constdata)
    flagBitshiftOffset                       0x08005058   Data           8  stm32f4xx_hal_dma.o(.constdata)
    .constdata                               0x08005060   Section       20  bsp_imu.o(.constdata)
    .constdata                               0x08005074   Section       16  system_stm32f4xx.o(.constdata)
    .constdata                               0x08005084   Section        8  system_stm32f4xx.o(.constdata)
    .constdata                               0x08005090   Section       80  asin.o(.constdata)
    pS                                       0x08005090   Data          48  asin.o(.constdata)
    qS                                       0x080050c0   Data          32  asin.o(.constdata)
    .constdata                               0x080050e0   Section      152  atan.o(.constdata)
    atanhi                                   0x080050e0   Data          32  atan.o(.constdata)
    atanlo                                   0x08005100   Data          32  atan.o(.constdata)
    aTodd                                    0x08005120   Data          40  atan.o(.constdata)
    aTeven                                   0x08005148   Data          48  atan.o(.constdata)
    .constdata                               0x08005178   Section        8  qnan.o(.constdata)
    .data                                    0x20000000   Section       12  stm32f4xx_hal.o(.data)
    .data                                    0x2000000c   Section      848  can.o(.data)
    .data                                    0x2000035c   Section        8  main.o(.data)
    .data                                    0x20000364   Section        4  stm32f4xx_it.o(.data)
    .data                                    0x20000368   Section      100  bsp_imu.o(.data)
    tx                                       0x20000368   Data           1  bsp_imu.o(.data)
    rx                                       0x20000369   Data           1  bsp_imu.o(.data)
    gx                                       0x2000038c   Data           4  bsp_imu.o(.data)
    gy                                       0x20000390   Data           4  bsp_imu.o(.data)
    gz                                       0x20000394   Data           4  bsp_imu.o(.data)
    ax                                       0x20000398   Data           4  bsp_imu.o(.data)
    ay                                       0x2000039c   Data           4  bsp_imu.o(.data)
    az                                       0x200003a0   Data           4  bsp_imu.o(.data)
    mx                                       0x200003a4   Data           4  bsp_imu.o(.data)
    my                                       0x200003a8   Data           4  bsp_imu.o(.data)
    mz                                       0x200003ac   Data           4  bsp_imu.o(.data)
    tx_buff                                  0x200003be   Data          14  bsp_imu.o(.data)
    .data                                    0x200003cc   Section        4  system_stm32f4xx.o(.data)
    .data                                    0x200003d0   Section        4  errno.o(.data)
    _errno                                   0x200003d0   Data           4  errno.o(.data)
    .bss                                     0x200003d4   Section      468  can.o(.bss)
    .bss                                     0x200005a8   Section       28  can.o(.bss)
    .bss                                     0x200005c4   Section       88  spi.o(.bss)
    .bss                                     0x2000061c   Section       60  tim_1.o(.bss)
    .bss                                     0x20000658   Section      224  usart.o(.bss)
    .bss                                     0x20000738   Section      132  bsp_imu.o(.bss)
    .bss                                     0x200007bc   Section       28  bsp_uart.o(.bss)
    STACK                                    0x200007d8   Section     1024  startup_stm32f427xx.o(STACK)

    Global Symbols

    Symbol Name                              Value     Ov Type        Size  Object(Section)

    BuildAttributes$$THM_ISAv4$E$P$D$K$B$S$7EM$VFPi3$EXTD16$VFPS$VFMA$PE$A:L22UL41UL21$X:L11$S22US41US21$IEEE1$IW$USESV6$~STKCKD$USESV7$~SHL$OTIME$ROPI$IEEEX$EBA8$MICROLIB$REQ8$PRES8$EABIv2 0x00000000   Number         0  anon$$obj.o ABSOLUTE
    __ARM_use_no_argv                        0x00000000   Number         0  main.o ABSOLUTE
    __cpp_initialize__aeabi_                  - Undefined Weak Reference
    __cxa_finalize                            - Undefined Weak Reference
    _clock_init                               - Undefined Weak Reference
    _microlib_exit                            - Undefined Weak Reference
    __Vectors_Size                           0x000001ac   Number         0  startup_stm32f427xx.o ABSOLUTE
    __Vectors                                0x08000000   Data           4  startup_stm32f427xx.o(RESET)
    __Vectors_End                            0x080001ac   Data           0  startup_stm32f427xx.o(RESET)
    __main                                   0x080001ad   Thumb Code     0  entry.o(.ARM.Collect$$$$00000000)
    _main_stk                                0x080001ad   Thumb Code     0  entry2.o(.ARM.Collect$$$$00000001)
    _main_scatterload                        0x080001b1   Thumb Code     0  entry5.o(.ARM.Collect$$$$00000004)
    __main_after_scatterload                 0x080001b5   Thumb Code     0  entry5.o(.ARM.Collect$$$$00000004)
    _main_clock                              0x080001b5   Thumb Code     0  entry7b.o(.ARM.Collect$$$$00000008)
    _main_cpp_init                           0x080001b5   Thumb Code     0  entry8b.o(.ARM.Collect$$$$0000000A)
    _main_init                               0x080001b5   Thumb Code     0  entry9a.o(.ARM.Collect$$$$0000000B)
    __rt_final_cpp                           0x080001bd   Thumb Code     0  entry10a.o(.ARM.Collect$$$$0000000D)
    __rt_final_exit                          0x080001bd   Thumb Code     0  entry11a.o(.ARM.Collect$$$$0000000F)
    Reset_Handler                            0x080001c1   Thumb Code     8  startup_stm32f427xx.o(.text)
    ADC_IRQHandler                           0x080001db   Thumb Code     0  startup_stm32f427xx.o(.text)
    CAN1_RX1_IRQHandler                      0x080001db   Thumb Code     0  startup_stm32f427xx.o(.text)
    CAN1_SCE_IRQHandler                      0x080001db   Thumb Code     0  startup_stm32f427xx.o(.text)
    CAN2_RX0_IRQHandler                      0x080001db   Thumb Code     0  startup_stm32f427xx.o(.text)
    CAN2_RX1_IRQHandler                      0x080001db   Thumb Code     0  startup_stm32f427xx.o(.text)
    CAN2_SCE_IRQHandler                      0x080001db   Thumb Code     0  startup_stm32f427xx.o(.text)
    CAN2_TX_IRQHandler                       0x080001db   Thumb Code     0  startup_stm32f427xx.o(.text)
    DCMI_IRQHandler                          0x080001db   Thumb Code     0  startup_stm32f427xx.o(.text)
    DMA1_Stream0_IRQHandler                  0x080001db   Thumb Code     0  startup_stm32f427xx.o(.text)
    DMA1_Stream1_IRQHandler                  0x080001db   Thumb Code     0  startup_stm32f427xx.o(.text)
    DMA1_Stream2_IRQHandler                  0x080001db   Thumb Code     0  startup_stm32f427xx.o(.text)
    DMA1_Stream3_IRQHandler                  0x080001db   Thumb Code     0  startup_stm32f427xx.o(.text)
    DMA1_Stream4_IRQHandler                  0x080001db   Thumb Code     0  startup_stm32f427xx.o(.text)
    DMA1_Stream5_IRQHandler                  0x080001db   Thumb Code     0  startup_stm32f427xx.o(.text)
    DMA1_Stream6_IRQHandler                  0x080001db   Thumb Code     0  startup_stm32f427xx.o(.text)
    DMA1_Stream7_IRQHandler                  0x080001db   Thumb Code     0  startup_stm32f427xx.o(.text)
    DMA2D_IRQHandler                         0x080001db   Thumb Code     0  startup_stm32f427xx.o(.text)
    DMA2_Stream0_IRQHandler                  0x080001db   Thumb Code     0  startup_stm32f427xx.o(.text)
    DMA2_Stream1_IRQHandler                  0x080001db   Thumb Code     0  startup_stm32f427xx.o(.text)
    DMA2_Stream3_IRQHandler                  0x080001db   Thumb Code     0  startup_stm32f427xx.o(.text)
    DMA2_Stream4_IRQHandler                  0x080001db   Thumb Code     0  startup_stm32f427xx.o(.text)
    DMA2_Stream5_IRQHandler                  0x080001db   Thumb Code     0  startup_stm32f427xx.o(.text)
    DMA2_Stream6_IRQHandler                  0x080001db   Thumb Code     0  startup_stm32f427xx.o(.text)
    DMA2_Stream7_IRQHandler                  0x080001db   Thumb Code     0  startup_stm32f427xx.o(.text)
    ETH_IRQHandler                           0x080001db   Thumb Code     0  startup_stm32f427xx.o(.text)
    ETH_WKUP_IRQHandler                      0x080001db   Thumb Code     0  startup_stm32f427xx.o(.text)
    EXTI0_IRQHandler                         0x080001db   Thumb Code     0  startup_stm32f427xx.o(.text)
    EXTI15_10_IRQHandler                     0x080001db   Thumb Code     0  startup_stm32f427xx.o(.text)
    EXTI1_IRQHandler                         0x080001db   Thumb Code     0  startup_stm32f427xx.o(.text)
    EXTI2_IRQHandler                         0x080001db   Thumb Code     0  startup_stm32f427xx.o(.text)
    EXTI3_IRQHandler                         0x080001db   Thumb Code     0  startup_stm32f427xx.o(.text)
    EXTI4_IRQHandler                         0x080001db   Thumb Code     0  startup_stm32f427xx.o(.text)
    EXTI9_5_IRQHandler                       0x080001db   Thumb Code     0  startup_stm32f427xx.o(.text)
    FLASH_IRQHandler                         0x080001db   Thumb Code     0  startup_stm32f427xx.o(.text)
    FMC_IRQHandler                           0x080001db   Thumb Code     0  startup_stm32f427xx.o(.text)
    FPU_IRQHandler                           0x080001db   Thumb Code     0  startup_stm32f427xx.o(.text)
    HASH_RNG_IRQHandler                      0x080001db   Thumb Code     0  startup_stm32f427xx.o(.text)
    I2C1_ER_IRQHandler                       0x080001db   Thumb Code     0  startup_stm32f427xx.o(.text)
    I2C1_EV_IRQHandler                       0x080001db   Thumb Code     0  startup_stm32f427xx.o(.text)
    I2C2_ER_IRQHandler                       0x080001db   Thumb Code     0  startup_stm32f427xx.o(.text)
    I2C2_EV_IRQHandler                       0x080001db   Thumb Code     0  startup_stm32f427xx.o(.text)
    I2C3_ER_IRQHandler                       0x080001db   Thumb Code     0  startup_stm32f427xx.o(.text)
    I2C3_EV_IRQHandler                       0x080001db   Thumb Code     0  startup_stm32f427xx.o(.text)
    OTG_FS_IRQHandler                        0x080001db   Thumb Code     0  startup_stm32f427xx.o(.text)
    OTG_FS_WKUP_IRQHandler                   0x080001db   Thumb Code     0  startup_stm32f427xx.o(.text)
    OTG_HS_EP1_IN_IRQHandler                 0x080001db   Thumb Code     0  startup_stm32f427xx.o(.text)
    OTG_HS_EP1_OUT_IRQHandler                0x080001db   Thumb Code     0  startup_stm32f427xx.o(.text)
    OTG_HS_IRQHandler                        0x080001db   Thumb Code     0  startup_stm32f427xx.o(.text)
    OTG_HS_WKUP_IRQHandler                   0x080001db   Thumb Code     0  startup_stm32f427xx.o(.text)
    PVD_IRQHandler                           0x080001db   Thumb Code     0  startup_stm32f427xx.o(.text)
    RCC_IRQHandler                           0x080001db   Thumb Code     0  startup_stm32f427xx.o(.text)
    RTC_Alarm_IRQHandler                     0x080001db   Thumb Code     0  startup_stm32f427xx.o(.text)
    RTC_WKUP_IRQHandler                      0x080001db   Thumb Code     0  startup_stm32f427xx.o(.text)
    SAI1_IRQHandler                          0x080001db   Thumb Code     0  startup_stm32f427xx.o(.text)
    SDIO_IRQHandler                          0x080001db   Thumb Code     0  startup_stm32f427xx.o(.text)
    SPI1_IRQHandler                          0x080001db   Thumb Code     0  startup_stm32f427xx.o(.text)
    SPI2_IRQHandler                          0x080001db   Thumb Code     0  startup_stm32f427xx.o(.text)
    SPI3_IRQHandler                          0x080001db   Thumb Code     0  startup_stm32f427xx.o(.text)
    SPI4_IRQHandler                          0x080001db   Thumb Code     0  startup_stm32f427xx.o(.text)
    SPI5_IRQHandler                          0x080001db   Thumb Code     0  startup_stm32f427xx.o(.text)
    SPI6_IRQHandler                          0x080001db   Thumb Code     0  startup_stm32f427xx.o(.text)
    TAMP_STAMP_IRQHandler                    0x080001db   Thumb Code     0  startup_stm32f427xx.o(.text)
    TIM1_BRK_TIM9_IRQHandler                 0x080001db   Thumb Code     0  startup_stm32f427xx.o(.text)
    TIM1_CC_IRQHandler                       0x080001db   Thumb Code     0  startup_stm32f427xx.o(.text)
    TIM1_TRG_COM_TIM11_IRQHandler            0x080001db   Thumb Code     0  startup_stm32f427xx.o(.text)
    TIM1_UP_TIM10_IRQHandler                 0x080001db   Thumb Code     0  startup_stm32f427xx.o(.text)
    TIM2_IRQHandler                          0x080001db   Thumb Code     0  startup_stm32f427xx.o(.text)
    TIM3_IRQHandler                          0x080001db   Thumb Code     0  startup_stm32f427xx.o(.text)
    TIM4_IRQHandler                          0x080001db   Thumb Code     0  startup_stm32f427xx.o(.text)
    TIM5_IRQHandler                          0x080001db   Thumb Code     0  startup_stm32f427xx.o(.text)
    TIM6_DAC_IRQHandler                      0x080001db   Thumb Code     0  startup_stm32f427xx.o(.text)
    TIM7_IRQHandler                          0x080001db   Thumb Code     0  startup_stm32f427xx.o(.text)
    TIM8_BRK_TIM12_IRQHandler                0x080001db   Thumb Code     0  startup_stm32f427xx.o(.text)
    TIM8_CC_IRQHandler                       0x080001db   Thumb Code     0  startup_stm32f427xx.o(.text)
    TIM8_TRG_COM_TIM14_IRQHandler            0x080001db   Thumb Code     0  startup_stm32f427xx.o(.text)
    TIM8_UP_TIM13_IRQHandler                 0x080001db   Thumb Code     0  startup_stm32f427xx.o(.text)
    UART4_IRQHandler                         0x080001db   Thumb Code     0  startup_stm32f427xx.o(.text)
    UART5_IRQHandler                         0x080001db   Thumb Code     0  startup_stm32f427xx.o(.text)
    UART7_IRQHandler                         0x080001db   Thumb Code     0  startup_stm32f427xx.o(.text)
    UART8_IRQHandler                         0x080001db   Thumb Code     0  startup_stm32f427xx.o(.text)
    USART2_IRQHandler                        0x080001db   Thumb Code     0  startup_stm32f427xx.o(.text)
    USART3_IRQHandler                        0x080001db   Thumb Code     0  startup_stm32f427xx.o(.text)
    WWDG_IRQHandler                          0x080001db   Thumb Code     0  startup_stm32f427xx.o(.text)
    __aeabi_uldivmod                         0x080001e5   Thumb Code    98  uldiv.o(.text)
    __aeabi_memcpy                           0x08000247   Thumb Code    36  memcpya.o(.text)
    __aeabi_memcpy4                          0x08000247   Thumb Code     0  memcpya.o(.text)
    __aeabi_memcpy8                          0x08000247   Thumb Code     0  memcpya.o(.text)
    __aeabi_dadd                             0x0800026b   Thumb Code   322  dadd.o(.text)
    __aeabi_dsub                             0x080003ad   Thumb Code     6  dadd.o(.text)
    __aeabi_drsub                            0x080003b3   Thumb Code     6  dadd.o(.text)
    __aeabi_dmul                             0x080003b9   Thumb Code   228  dmul.o(.text)
    __aeabi_i2d                              0x0800049d   Thumb Code    34  dflti.o(.text)
    __aeabi_d2iz                             0x080004bf   Thumb Code    62  dfixi.o(.text)
    __aeabi_f2d                              0x080004fd   Thumb Code    38  f2d.o(.text)
    __aeabi_cdrcmple                         0x08000525   Thumb Code    48  cdrcmple.o(.text)
    __aeabi_d2f                              0x08000555   Thumb Code    56  d2f.o(.text)
    __aeabi_llsl                             0x0800058d   Thumb Code    30  llshl.o(.text)
    _ll_shift_l                              0x0800058d   Thumb Code     0  llshl.o(.text)
    __aeabi_llsr                             0x080005ab   Thumb Code    32  llushr.o(.text)
    _ll_ushift_r                             0x080005ab   Thumb Code     0  llushr.o(.text)
    __aeabi_lasr                             0x080005cb   Thumb Code    36  llsshr.o(.text)
    _ll_sshift_r                             0x080005cb   Thumb Code     0  llsshr.o(.text)
    __I$use$fp                               0x080005ef   Thumb Code     0  iusefp.o(.text)
    _float_round                             0x080005ef   Thumb Code    18  fepilogue.o(.text)
    _float_epilogue                          0x08000601   Thumb Code    92  fepilogue.o(.text)
    _double_round                            0x0800065d   Thumb Code    30  depilogue.o(.text)
    _double_epilogue                         0x0800067b   Thumb Code   156  depilogue.o(.text)
    __aeabi_ddiv                             0x08000717   Thumb Code   222  ddiv.o(.text)
    _dsqrt                                   0x080007f5   Thumb Code   162  dsqrt.o(.text)
    __scatterload                            0x08000899   Thumb Code    28  init.o(.text)
    __scatterload_rt2                        0x08000899   Thumb Code     0  init.o(.text)
    __decompress                             0x080008bd   Thumb Code     0  __dczerorl2.o(.text)
    __decompress1                            0x080008bd   Thumb Code    86  __dczerorl2.o(.text)
    BusFault_Handler                         0x08000913   Thumb Code     2  stm32f4xx_it.o(i.BusFault_Handler)
    CAN1_RX0_IRQHandler                      0x08000915   Thumb Code    32  stm32f4xx_it.o(i.CAN1_RX0_IRQHandler)
    CAN1_TX_IRQHandler                       0x08000941   Thumb Code     6  stm32f4xx_it.o(i.CAN1_TX_IRQHandler)
    CAN_Initialize                           0x0800094d   Thumb Code   134  can.o(i.CAN_Initialize)
    CAN_SendMsg                              0x080009f1   Thumb Code     6  can.o(i.CAN_SendMsg)
    CanReceiveMsgProcess                     0x080009f9   Thumb Code   160  can.o(i.CanReceiveMsgProcess)
    DMA2_Stream2_IRQHandler                  0x08000aa1   Thumb Code    18  stm32f4xx_it.o(i.DMA2_Stream2_IRQHandler)
    DebugMon_Handler                         0x08000b61   Thumb Code     2  stm32f4xx_it.o(i.DebugMon_Handler)
    EncoderProcess                           0x08000b65   Thumb Code   210  can.o(i.EncoderProcess)
    GM_task_stable                           0x08000c45   Thumb Code   542  can.o(i.GM_task_stable)
    GetEncoderBias                           0x08000e91   Thumb Code    22  can.o(i.GetEncoderBias)
    HAL_CAN_ActivateNotification             0x08000ea7   Thumb Code    40  stm32f4xx_hal_can_1.o(i.HAL_CAN_ActivateNotification)
    HAL_CAN_AddTxMessage                     0x08000ecf   Thumb Code   200  stm32f4xx_hal_can_1.o(i.HAL_CAN_AddTxMessage)
    HAL_CAN_ConfigFilter                     0x08000f99   Thumb Code   262  stm32f4xx_hal_can_1.o(i.HAL_CAN_ConfigFilter)
    HAL_CAN_ErrorCallback                    0x080010a5   Thumb Code     2  stm32f4xx_hal_can_1.o(i.HAL_CAN_ErrorCallback)
    HAL_CAN_GetRxMessage                     0x080010a7   Thumb Code   250  stm32f4xx_hal_can_1.o(i.HAL_CAN_GetRxMessage)
    HAL_CAN_IRQHandler                       0x080011a1   Thumb Code   508  stm32f4xx_hal_can_1.o(i.HAL_CAN_IRQHandler)
    HAL_CAN_Init                             0x0800139d   Thumb Code   282  stm32f4xx_hal_can_1.o(i.HAL_CAN_Init)
    HAL_CAN_MspInit                          0x080014b9   Thumb Code    92  can.o(i.HAL_CAN_MspInit)
    HAL_CAN_RxFifo0FullCallback              0x08001521   Thumb Code     2  stm32f4xx_hal_can_1.o(i.HAL_CAN_RxFifo0FullCallback)
    HAL_CAN_RxFifo0MsgPendingCallback        0x08001523   Thumb Code     2  stm32f4xx_hal_can_1.o(i.HAL_CAN_RxFifo0MsgPendingCallback)
    HAL_CAN_RxFifo1FullCallback              0x08001525   Thumb Code     2  stm32f4xx_hal_can_1.o(i.HAL_CAN_RxFifo1FullCallback)
    HAL_CAN_RxFifo1MsgPendingCallback        0x08001527   Thumb Code     2  stm32f4xx_hal_can_1.o(i.HAL_CAN_RxFifo1MsgPendingCallback)
    HAL_CAN_SleepCallback                    0x08001529   Thumb Code     2  stm32f4xx_hal_can_1.o(i.HAL_CAN_SleepCallback)
    HAL_CAN_Start                            0x0800152d   Thumb Code    88  stm32f4xx_hal_can_1.o(i.HAL_CAN_Start)
    HAL_CAN_TxMailbox0AbortCallback          0x08001585   Thumb Code     2  stm32f4xx_hal_can_1.o(i.HAL_CAN_TxMailbox0AbortCallback)
    HAL_CAN_TxMailbox0CompleteCallback       0x08001587   Thumb Code     2  stm32f4xx_hal_can_1.o(i.HAL_CAN_TxMailbox0CompleteCallback)
    HAL_CAN_TxMailbox1AbortCallback          0x08001589   Thumb Code     2  stm32f4xx_hal_can_1.o(i.HAL_CAN_TxMailbox1AbortCallback)
    HAL_CAN_TxMailbox1CompleteCallback       0x0800158b   Thumb Code     2  stm32f4xx_hal_can_1.o(i.HAL_CAN_TxMailbox1CompleteCallback)
    HAL_CAN_TxMailbox2AbortCallback          0x0800158d   Thumb Code     2  stm32f4xx_hal_can_1.o(i.HAL_CAN_TxMailbox2AbortCallback)
    HAL_CAN_TxMailbox2CompleteCallback       0x0800158f   Thumb Code     2  stm32f4xx_hal_can_1.o(i.HAL_CAN_TxMailbox2CompleteCallback)
    HAL_CAN_WakeUpFromRxMsgCallback          0x08001591   Thumb Code     2  stm32f4xx_hal_can_1.o(i.HAL_CAN_WakeUpFromRxMsgCallback)
    HAL_DMA_Abort_IT                         0x08001593   Thumb Code    36  stm32f4xx_hal_dma.o(i.HAL_DMA_Abort_IT)
    HAL_DMA_IRQHandler                       0x080015b9   Thumb Code   412  stm32f4xx_hal_dma.o(i.HAL_DMA_IRQHandler)
    HAL_DMA_Init                             0x08001759   Thumb Code   206  stm32f4xx_hal_dma.o(i.HAL_DMA_Init)
    HAL_DMA_Start                            0x0800182d   Thumb Code    70  stm32f4xx_hal_dma.o(i.HAL_DMA_Start)
    HAL_Delay                                0x08001875   Thumb Code    32  stm32f4xx_hal.o(i.HAL_Delay)
    HAL_GPIO_Init                            0x08001899   Thumb Code   408  stm32f4xx_hal_gpio.o(i.HAL_GPIO_Init)
    HAL_GPIO_WritePin                        0x08001a65   Thumb Code    10  stm32f4xx_hal_gpio.o(i.HAL_GPIO_WritePin)
    HAL_GetTick                              0x08001a71   Thumb Code     6  stm32f4xx_hal.o(i.HAL_GetTick)
    HAL_IncTick                              0x08001a7d   Thumb Code    12  stm32f4xx_hal.o(i.HAL_IncTick)
    HAL_Init                                 0x08001a8d   Thumb Code    48  stm32f4xx_hal.o(i.HAL_Init)
    HAL_InitTick                             0x08001ac1   Thumb Code    54  stm32f4xx_hal.o(i.HAL_InitTick)
    HAL_MspInit                              0x08001b01   Thumb Code   126  stm32f4xx_hal_msp.o(i.HAL_MspInit)
    HAL_NVIC_EnableIRQ                       0x08001b85   Thumb Code    22  stm32f4xx_hal_cortex.o(i.HAL_NVIC_EnableIRQ)
    HAL_NVIC_SetPriority                     0x08001b9d   Thumb Code    60  stm32f4xx_hal_cortex.o(i.HAL_NVIC_SetPriority)
    HAL_NVIC_SetPriorityGrouping             0x08001bdd   Thumb Code    26  stm32f4xx_hal_cortex.o(i.HAL_NVIC_SetPriorityGrouping)
    HAL_RCC_ClockConfig                      0x08001c01   Thumb Code   286  stm32f4xx_hal_rcc.o(i.HAL_RCC_ClockConfig)
    HAL_RCC_GetHCLKFreq                      0x08001d31   Thumb Code     6  stm32f4xx_hal_rcc.o(i.HAL_RCC_GetHCLKFreq)
    HAL_RCC_GetPCLK1Freq                     0x08001d3d   Thumb Code    20  stm32f4xx_hal_rcc.o(i.HAL_RCC_GetPCLK1Freq)
    HAL_RCC_GetPCLK2Freq                     0x08001d5d   Thumb Code    20  stm32f4xx_hal_rcc.o(i.HAL_RCC_GetPCLK2Freq)
    HAL_RCC_GetSysClockFreq                  0x08001d7d   Thumb Code    88  stm32f4xx_hal_rcc.o(i.HAL_RCC_GetSysClockFreq)
    HAL_RCC_OscConfig                        0x08001de1   Thumb Code   770  stm32f4xx_hal_rcc.o(i.HAL_RCC_OscConfig)
    HAL_SPI_Init                             0x080020fd   Thumb Code   128  stm32f4xx_hal_spi.o(i.HAL_SPI_Init)
    HAL_SPI_MspInit                          0x0800217d   Thumb Code    64  spi.o(i.HAL_SPI_MspInit)
    HAL_SPI_TransmitReceive                  0x080021c9   Thumb Code   472  stm32f4xx_hal_spi.o(i.HAL_SPI_TransmitReceive)
    HAL_SYSTICK_CLKSourceConfig              0x080023a1   Thumb Code    24  stm32f4xx_hal_cortex.o(i.HAL_SYSTICK_CLKSourceConfig)
    HAL_SYSTICK_Callback                     0x080023b9   Thumb Code     2  stm32f4xx_hal_cortex.o(i.HAL_SYSTICK_Callback)
    HAL_SYSTICK_Config                       0x080023bb   Thumb Code    40  stm32f4xx_hal_cortex.o(i.HAL_SYSTICK_Config)
    HAL_SYSTICK_IRQHandler                   0x080023e3   Thumb Code     8  stm32f4xx_hal_cortex.o(i.HAL_SYSTICK_IRQHandler)
    HAL_TIMEx_MasterConfigSynchronization    0x080023eb   Thumb Code    80  stm32f4xx_hal_tim_ex.o(i.HAL_TIMEx_MasterConfigSynchronization)
    HAL_TIM_Base_Init                        0x0800243b   Thumb Code    54  stm32f4xx_hal_tim.o(i.HAL_TIM_Base_Init)
    HAL_TIM_Base_MspInit                     0x08002471   Thumb Code    30  tim_1.o(i.HAL_TIM_Base_MspInit)
    HAL_UART_ErrorCallback                   0x08002499   Thumb Code     2  stm32f4xx_hal_uart.o(i.HAL_UART_ErrorCallback)
    HAL_UART_IRQHandler                      0x0800249d   Thumb Code   266  stm32f4xx_hal_uart.o(i.HAL_UART_IRQHandler)
    HAL_UART_Init                            0x080025ad   Thumb Code    98  stm32f4xx_hal_uart.o(i.HAL_UART_Init)
    HAL_UART_MspInit                         0x08002611   Thumb Code   194  usart.o(i.HAL_UART_MspInit)
    HAL_UART_RxCpltCallback                  0x08002701   Thumb Code     2  stm32f4xx_hal_uart.o(i.HAL_UART_RxCpltCallback)
    HAL_UART_TxCpltCallback                  0x08002703   Thumb Code     2  stm32f4xx_hal_uart.o(i.HAL_UART_TxCpltCallback)
    HardFault_Handler                        0x08002705   Thumb Code     2  stm32f4xx_it.o(i.HardFault_Handler)
    MX_DMA_Init                              0x08002709   Thumb Code    40  dma_1.o(i.MX_DMA_Init)
    MX_GPIO_Init                             0x08002735   Thumb Code   194  gpio.o(i.MX_GPIO_Init)
    MX_SPI5_Init                             0x08002805   Thumb Code    66  spi.o(i.MX_SPI5_Init)
    MX_TIM6_Init                             0x08002861   Thumb Code    56  tim_1.o(i.MX_TIM6_Init)
    MX_USART1_UART_Init                      0x080028b1   Thumb Code    54  usart.o(i.MX_USART1_UART_Init)
    MX_USART6_UART_Init                      0x08002905   Thumb Code    52  usart.o(i.MX_USART6_UART_Init)
    MemManage_Handler                        0x08002951   Thumb Code     2  stm32f4xx_it.o(i.MemManage_Handler)
    NMI_Handler                              0x08002953   Thumb Code     2  stm32f4xx_it.o(i.NMI_Handler)
    PID_Calc                                 0x08002975   Thumb Code   116  can.o(i.PID_Calc)
    PID_Calc_Debug                           0x080029e9   Thumb Code   130  can.o(i.PID_Calc_Debug)
    PID_Reset                                0x08002a6d   Thumb Code    18  can.o(i.PID_Reset)
    PendSV_Handler                           0x08002a85   Thumb Code     2  stm32f4xx_it.o(i.PendSV_Handler)
    SVC_Handler                              0x08002b3d   Thumb Code     2  stm32f4xx_it.o(i.SVC_Handler)
    SysTick_Handler                          0x08002b3f   Thumb Code    14  stm32f4xx_it.o(i.SysTick_Handler)
    SystemClock_Config                       0x08002b4d   Thumb Code   150  main.o(i.SystemClock_Config)
    SystemInit                               0x08002bed   Thumb Code    66  system_stm32f4xx.o(i.SystemInit)
    TIM_Base_SetConfig                       0x08002c41   Thumb Code   148  stm32f4xx_hal_tim.o(i.TIM_Base_SetConfig)
    USART1_IRQHandler                        0x080030c9   Thumb Code    18  stm32f4xx_it.o(i.USART1_IRQHandler)
    USART6_IRQHandler                        0x080030e1   Thumb Code     6  stm32f4xx_it.o(i.USART6_IRQHandler)
    UsageFault_Handler                       0x080030ed   Thumb Code     2  stm32f4xx_it.o(i.UsageFault_Handler)
    _Error_Handler                           0x080030ef   Thumb Code     2  main.o(i._Error_Handler)
    __ARM_fpclassify                         0x080030f1   Thumb Code    48  fpclassify.o(i.__ARM_fpclassify)
    __hardfp_asin                            0x08003121   Thumb Code   770  asin.o(i.__hardfp_asin)
    __hardfp_atan                            0x08003481   Thumb Code   622  atan.o(i.__hardfp_atan)
    __hardfp_atan2                           0x08003759   Thumb Code   432  atan2.o(i.__hardfp_atan2)
    __hardfp_fabs                            0x08003949   Thumb Code    20  fabs.o(i.__hardfp_fabs)
    __hardfp_sqrt                            0x0800395d   Thumb Code   122  sqrt.o(i.__hardfp_sqrt)
    __kernel_poly                            0x080039d7   Thumb Code   248  poly.o(i.__kernel_poly)
    __mathlib_dbl_infnan                     0x08003acf   Thumb Code    20  dunder.o(i.__mathlib_dbl_infnan)
    __mathlib_dbl_infnan2                    0x08003ae3   Thumb Code    20  dunder.o(i.__mathlib_dbl_infnan2)
    __mathlib_dbl_invalid                    0x08003af9   Thumb Code    24  dunder.o(i.__mathlib_dbl_invalid)
    __mathlib_dbl_underflow                  0x08003b19   Thumb Code    24  dunder.o(i.__mathlib_dbl_underflow)
    __scatterload_copy                       0x08003b39   Thumb Code    14  handlers.o(i.__scatterload_copy)
    __scatterload_null                       0x08003b47   Thumb Code     2  handlers.o(i.__scatterload_null)
    __scatterload_zeroinit                   0x08003b49   Thumb Code    14  handlers.o(i.__scatterload_zeroinit)
    __set_errno                              0x08003b59   Thumb Code     6  errno.o(i.__set_errno)
    atan                                     0x08003b65   Thumb Code    16  atan.o(i.atan)
    dbus_uart_init                           0x08003b75   Thumb Code    64  bsp_uart.o(i.dbus_uart_init)
    fabs                                     0x08003bbd   Thumb Code    24  fabs.o(i.fabs)
    imu_ahrs_update                          0x08003bd5   Thumb Code  1194  bsp_imu.o(i.imu_ahrs_update)
    imu_attitude_update                      0x08004081   Thumb Code   346  bsp_imu.o(i.imu_attitude_update)
    imu_data_filtering                       0x080041f5   Thumb Code   266  bsp_imu.o(i.imu_data_filtering)
    imu_init                                 0x08004321   Thumb Code    98  bsp_imu.o(i.imu_init)
    init_quaternion                          0x08004391   Thumb Code   360  bsp_imu.o(i.init_quaternion)
    inv_sqrt                                 0x0800455d   Thumb Code    40  bsp_imu.o(i.inv_sqrt)
    ist8310_get_data                         0x08004589   Thumb Code    10  bsp_imu.o(i.ist8310_get_data)
    ist8310_init                             0x08004593   Thumb Code   256  bsp_imu.o(i.ist8310_init)
    led_off                                  0x0800470d   Thumb Code    28  gpio.o(i.led_off)
    main                                     0x08004731   Thumb Code   226  main.o(i.main)
    mpu_device_init                          0x08004821   Thumb Code    90  bsp_imu.o(i.mpu_device_init)
    mpu_get_data                             0x08004885   Thumb Code   234  bsp_imu.o(i.mpu_get_data)
    mpu_offset_call                          0x08004a15   Thumb Code   160  bsp_imu.o(i.mpu_offset_call)
    mpu_read_byte                            0x08004ab9   Thumb Code    68  bsp_imu.o(i.mpu_read_byte)
    mpu_read_bytes                           0x08004b09   Thumb Code    80  bsp_imu.o(i.mpu_read_bytes)
    mpu_set_accel_fsr                        0x08004b65   Thumb Code    10  bsp_imu.o(i.mpu_set_accel_fsr)
    mpu_set_gyro_fsr                         0x08004b6f   Thumb Code    10  bsp_imu.o(i.mpu_set_gyro_fsr)
    mpu_write_byte                           0x08004b79   Thumb Code    72  bsp_imu.o(i.mpu_write_byte)
    rc_callback_handler                      0x08004bcd   Thumb Code   140  bsp_uart.o(i.rc_callback_handler)
    set_CM_speed                             0x08004c59   Thumb Code    42  can.o(i.set_CM_speed)
    set_Chassis_Pid_Speed                    0x08004c8d   Thumb Code   688  can.o(i.set_Chassis_Pid_Speed)
    set_GM_speed                             0x08004f69   Thumb Code    24  can.o(i.set_GM_speed)
    sqrt                                     0x08004f89   Thumb Code   110  sqrt.o(i.sqrt)
    uart_receive_handler                     0x08004ff9   Thumb Code    86  bsp_uart.o(i.uart_receive_handler)
    AHBPrescTable                            0x08005074   Data          16  system_stm32f4xx.o(.constdata)
    APBPrescTable                            0x08005084   Data           8  system_stm32f4xx.o(.constdata)
    __mathlib_zero                           0x08005178   Data           8  qnan.o(.constdata)
    Region$$Table$$Base                      0x08005180   Number         0  anon$$obj.o(Region$$Table)
    Region$$Table$$Limit                     0x080051a0   Number         0  anon$$obj.o(Region$$Table)
    uwTickFreq                               0x20000000   Data           1  stm32f4xx_hal.o(.data)
    uwTickPrio                               0x20000004   Data           4  stm32f4xx_hal.o(.data)
    uwTick                                   0x20000008   Data           4  stm32f4xx_hal.o(.data)
    can_count                                0x2000000c   Data           4  can.o(.data)
    total_rx_device                          0x20000010   Data           4  can.o(.data)
    error_sample                             0x20000014   Data           4  can.o(.data)
    OUTPUTY                                  0x20000018   Data           4  can.o(.data)
    OUTPUTP                                  0x2000001c   Data           4  can.o(.data)
    all_rx_devices                           0x20000020   Data           4  can.o(.data)
    canTxMsg0                                0x20000024   Data           8  can.o(.data)
    canTxMsg1                                0x2000002c   Data           8  can.o(.data)
    GMYawEncoder                             0x20000034   Data          76  can.o(.data)
    GMPitchEncoder                           0x20000080   Data          76  can.o(.data)
    CM1SpeedPID                              0x200000cc   Data          72  can.o(.data)
    CM2SpeedPID                              0x20000114   Data          72  can.o(.data)
    CM3SpeedPID                              0x2000015c   Data          72  can.o(.data)
    CM4SpeedPID                              0x200001a4   Data          72  can.o(.data)
    GMY_SPEEDPID                             0x200001ec   Data          72  can.o(.data)
    GMY_ANGELPID                             0x20000234   Data          72  can.o(.data)
    GMP_SPEEDPID                             0x2000027c   Data          72  can.o(.data)
    GMP_ANGELPID                             0x200002c4   Data          72  can.o(.data)
    PID                                      0x2000030c   Data          80  can.o(.data)
    canRxMsg                                 0x2000035c   Data           8  main.o(.data)
    interrupt_counter                        0x20000364   Data           4  stm32f4xx_it.o(.data)
    id                                       0x2000036a   Data           1  bsp_imu.o(.data)
    q0                                       0x2000036c   Data           4  bsp_imu.o(.data)
    q1                                       0x20000370   Data           4  bsp_imu.o(.data)
    q2                                       0x20000374   Data           4  bsp_imu.o(.data)
    q3                                       0x20000378   Data           4  bsp_imu.o(.data)
    counter                                  0x2000037c   Data           4  bsp_imu.o(.data)
    exInt                                    0x20000380   Data           4  bsp_imu.o(.data)
    eyInt                                    0x20000384   Data           4  bsp_imu.o(.data)
    ezInt                                    0x20000388   Data           4  bsp_imu.o(.data)
    last_update                              0x200003b0   Data           4  bsp_imu.o(.data)
    now_update                               0x200003b4   Data           4  bsp_imu.o(.data)
    ist_buff                                 0x200003b8   Data           6  bsp_imu.o(.data)
    SystemCoreClock                          0x200003cc   Data           4  system_stm32f4xx.o(.data)
    hcan1                                    0x200003d4   Data          40  can.o(.bss)
    CM1Encoder                               0x200003fc   Data          76  can.o(.bss)
    CM2Encoder                               0x20000448   Data          76  can.o(.bss)
    CM3Encoder                               0x20000494   Data          76  can.o(.bss)
    CM4Encoder                               0x200004e0   Data          76  can.o(.bss)
    off                                      0x2000052c   Data          12  can.o(.bss)
    can1TxHeader0                            0x20000538   Data          24  can.o(.bss)
    test                                     0x20000550   Data          24  can.o(.bss)
    can1TxHeader1                            0x20000568   Data          24  can.o(.bss)
    can1Filter                               0x20000580   Data          40  can.o(.bss)
    can1RxHeader                             0x200005a8   Data          28  can.o(.bss)
    hspi5                                    0x200005c4   Data          88  spi.o(.bss)
    htim6                                    0x2000061c   Data          60  tim_1.o(.bss)
    huart1                                   0x20000658   Data          64  usart.o(.bss)
    huart6                                   0x20000698   Data          64  usart.o(.bss)
    hdma_usart1_rx                           0x200006d8   Data          96  usart.o(.bss)
    imu                                      0x20000738   Data          52  bsp_imu.o(.bss)
    mpu_buff                                 0x2000076c   Data          14  bsp_imu.o(.bss)
    mpu_data                                 0x2000077a   Data          32  bsp_imu.o(.bss)
    fil                                      0x2000079c   Data          32  bsp_imu.o(.bss)
    dbus_buf                                 0x200007bc   Data          18  bsp_uart.o(.bss)
    rc                                       0x200007ce   Data          10  bsp_uart.o(.bss)
    __initial_sp                             0x20000bd8   Data           0  startup_stm32f427xx.o(STACK)



==============================================================================

Memory Map of the image

  Image Entry point : 0x080001ad

  Load Region LR_IROM1 (Base: 0x08000000, Size: 0x00005574, Max: 0x00200000, ABSOLUTE, COMPRESSED[0x00005220])

    Execution Region ER_IROM1 (Exec base: 0x08000000, Load base: 0x08000000, Size: 0x000051a0, Max: 0x00200000, ABSOLUTE)

    Exec Addr    Load Addr    Size         Type   Attr      Idx    E Section Name        Object

    0x08000000   0x08000000   0x000001ac   Data   RO         3562    RESET               startup_stm32f427xx.o
    0x080001ac   0x080001ac   0x00000000   Code   RO         3856  * .ARM.Collect$$$$00000000  mc_w.l(entry.o)
    0x080001ac   0x080001ac   0x00000004   Code   RO         3930    .ARM.Collect$$$$00000001  mc_w.l(entry2.o)
    0x080001b0   0x080001b0   0x00000004   Code   RO         3933    .ARM.Collect$$$$00000004  mc_w.l(entry5.o)
    0x080001b4   0x080001b4   0x00000000   Code   RO         3935    .ARM.Collect$$$$00000008  mc_w.l(entry7b.o)
    0x080001b4   0x080001b4   0x00000000   Code   RO         3937    .ARM.Collect$$$$0000000A  mc_w.l(entry8b.o)
    0x080001b4   0x080001b4   0x00000008   Code   RO         3938    .ARM.Collect$$$$0000000B  mc_w.l(entry9a.o)
    0x080001bc   0x080001bc   0x00000000   Code   RO         3940    .ARM.Collect$$$$0000000D  mc_w.l(entry10a.o)
    0x080001bc   0x080001bc   0x00000000   Code   RO         3942    .ARM.Collect$$$$0000000F  mc_w.l(entry11a.o)
    0x080001bc   0x080001bc   0x00000004   Code   RO         3931    .ARM.Collect$$$$00002712  mc_w.l(entry2.o)
    0x080001c0   0x080001c0   0x00000024   Code   RO         3563    .text               startup_stm32f427xx.o
    0x080001e4   0x080001e4   0x00000062   Code   RO         3859    .text               mc_w.l(uldiv.o)
    0x08000246   0x08000246   0x00000024   Code   RO         3861    .text               mc_w.l(memcpya.o)
    0x0800026a   0x0800026a   0x0000014e   Code   RO         3883    .text               mf_w.l(dadd.o)
    0x080003b8   0x080003b8   0x000000e4   Code   RO         3885    .text               mf_w.l(dmul.o)
    0x0800049c   0x0800049c   0x00000022   Code   RO         3887    .text               mf_w.l(dflti.o)
    0x080004be   0x080004be   0x0000003e   Code   RO         3889    .text               mf_w.l(dfixi.o)
    0x080004fc   0x080004fc   0x00000026   Code   RO         3891    .text               mf_w.l(f2d.o)
    0x08000522   0x08000522   0x00000002   PAD
    0x08000524   0x08000524   0x00000030   Code   RO         3893    .text               mf_w.l(cdrcmple.o)
    0x08000554   0x08000554   0x00000038   Code   RO         3895    .text               mf_w.l(d2f.o)
    0x0800058c   0x0800058c   0x0000001e   Code   RO         3944    .text               mc_w.l(llshl.o)
    0x080005aa   0x080005aa   0x00000020   Code   RO         3946    .text               mc_w.l(llushr.o)
    0x080005ca   0x080005ca   0x00000024   Code   RO         3948    .text               mc_w.l(llsshr.o)
    0x080005ee   0x080005ee   0x00000000   Code   RO         3959    .text               mc_w.l(iusefp.o)
    0x080005ee   0x080005ee   0x0000006e   Code   RO         3960    .text               mf_w.l(fepilogue.o)
    0x0800065c   0x0800065c   0x000000ba   Code   RO         3962    .text               mf_w.l(depilogue.o)
    0x08000716   0x08000716   0x000000de   Code   RO         3964    .text               mf_w.l(ddiv.o)
    0x080007f4   0x080007f4   0x000000a2   Code   RO         3968    .text               mf_w.l(dsqrt.o)
    0x08000896   0x08000896   0x00000002   PAD
    0x08000898   0x08000898   0x00000024   Code   RO         3972    .text               mc_w.l(init.o)
    0x080008bc   0x080008bc   0x00000056   Code   RO         3982    .text               mc_w.l(__dczerorl2.o)
    0x08000912   0x08000912   0x00000002   Code   RO         3430    i.BusFault_Handler  stm32f4xx_it.o
    0x08000914   0x08000914   0x0000002c   Code   RO         3431    i.CAN1_RX0_IRQHandler  stm32f4xx_it.o
    0x08000940   0x08000940   0x0000000c   Code   RO         3432    i.CAN1_TX_IRQHandler  stm32f4xx_it.o
    0x0800094c   0x0800094c   0x000000a4   Code   RO         2980    i.CAN_Initialize    can.o
    0x080009f0   0x080009f0   0x00000006   Code   RO         2981    i.CAN_SendMsg       can.o
    0x080009f6   0x080009f6   0x00000002   PAD
    0x080009f8   0x080009f8   0x000000a8   Code   RO         2982    i.CanReceiveMsgProcess  can.o
    0x08000aa0   0x08000aa0   0x0000001c   Code   RO         3433    i.DMA2_Stream2_IRQHandler  stm32f4xx_it.o
    0x08000abc   0x08000abc   0x00000028   Code   RO         2364    i.DMA_CalcBaseAndBitshift  stm32f4xx_hal_dma.o
    0x08000ae4   0x08000ae4   0x00000054   Code   RO         2365    i.DMA_CheckFifoParam  stm32f4xx_hal_dma.o
    0x08000b38   0x08000b38   0x00000028   Code   RO         2366    i.DMA_SetConfig     stm32f4xx_hal_dma.o
    0x08000b60   0x08000b60   0x00000002   Code   RO         3434    i.DebugMon_Handler  stm32f4xx_it.o
    0x08000b62   0x08000b62   0x00000002   PAD
    0x08000b64   0x08000b64   0x000000e0   Code   RO         2989    i.EncoderProcess    can.o
    0x08000c44   0x08000c44   0x0000024c   Code   RO         2990    i.GM_task_stable    can.o
    0x08000e90   0x08000e90   0x00000016   Code   RO         2991    i.GetEncoderBias    can.o
    0x08000ea6   0x08000ea6   0x00000028   Code   RO            5    i.HAL_CAN_ActivateNotification  stm32f4xx_hal_can_1.o
    0x08000ece   0x08000ece   0x000000c8   Code   RO            6    i.HAL_CAN_AddTxMessage  stm32f4xx_hal_can_1.o
    0x08000f96   0x08000f96   0x00000002   PAD
    0x08000f98   0x08000f98   0x0000010c   Code   RO            7    i.HAL_CAN_ConfigFilter  stm32f4xx_hal_can_1.o
    0x080010a4   0x080010a4   0x00000002   Code   RO           10    i.HAL_CAN_ErrorCallback  stm32f4xx_hal_can_1.o
    0x080010a6   0x080010a6   0x000000fa   Code   RO           13    i.HAL_CAN_GetRxMessage  stm32f4xx_hal_can_1.o
    0x080011a0   0x080011a0   0x000001fc   Code   RO           17    i.HAL_CAN_IRQHandler  stm32f4xx_hal_can_1.o
    0x0800139c   0x0800139c   0x0000011a   Code   RO           18    i.HAL_CAN_Init      stm32f4xx_hal_can_1.o
    0x080014b6   0x080014b6   0x00000002   PAD
    0x080014b8   0x080014b8   0x00000068   Code   RO         2994    i.HAL_CAN_MspInit   can.o
    0x08001520   0x08001520   0x00000002   Code   RO           25    i.HAL_CAN_RxFifo0FullCallback  stm32f4xx_hal_can_1.o
    0x08001522   0x08001522   0x00000002   Code   RO           26    i.HAL_CAN_RxFifo0MsgPendingCallback  stm32f4xx_hal_can_1.o
    0x08001524   0x08001524   0x00000002   Code   RO           27    i.HAL_CAN_RxFifo1FullCallback  stm32f4xx_hal_can_1.o
    0x08001526   0x08001526   0x00000002   Code   RO           28    i.HAL_CAN_RxFifo1MsgPendingCallback  stm32f4xx_hal_can_1.o
    0x08001528   0x08001528   0x00000002   Code   RO           29    i.HAL_CAN_SleepCallback  stm32f4xx_hal_can_1.o
    0x0800152a   0x0800152a   0x00000002   PAD
    0x0800152c   0x0800152c   0x00000058   Code   RO           30    i.HAL_CAN_Start     stm32f4xx_hal_can_1.o
    0x08001584   0x08001584   0x00000002   Code   RO           32    i.HAL_CAN_TxMailbox0AbortCallback  stm32f4xx_hal_can_1.o
    0x08001586   0x08001586   0x00000002   Code   RO           33    i.HAL_CAN_TxMailbox0CompleteCallback  stm32f4xx_hal_can_1.o
    0x08001588   0x08001588   0x00000002   Code   RO           34    i.HAL_CAN_TxMailbox1AbortCallback  stm32f4xx_hal_can_1.o
    0x0800158a   0x0800158a   0x00000002   Code   RO           35    i.HAL_CAN_TxMailbox1CompleteCallback  stm32f4xx_hal_can_1.o
    0x0800158c   0x0800158c   0x00000002   Code   RO           36    i.HAL_CAN_TxMailbox2AbortCallback  stm32f4xx_hal_can_1.o
    0x0800158e   0x0800158e   0x00000002   Code   RO           37    i.HAL_CAN_TxMailbox2CompleteCallback  stm32f4xx_hal_can_1.o
    0x08001590   0x08001590   0x00000002   Code   RO           39    i.HAL_CAN_WakeUpFromRxMsgCallback  stm32f4xx_hal_can_1.o
    0x08001592   0x08001592   0x00000024   Code   RO         2368    i.HAL_DMA_Abort_IT  stm32f4xx_hal_dma.o
    0x080015b6   0x080015b6   0x00000002   PAD
    0x080015b8   0x080015b8   0x000001a0   Code   RO         2372    i.HAL_DMA_IRQHandler  stm32f4xx_hal_dma.o
    0x08001758   0x08001758   0x000000d4   Code   RO         2373    i.HAL_DMA_Init      stm32f4xx_hal_dma.o
    0x0800182c   0x0800182c   0x00000046   Code   RO         2376    i.HAL_DMA_Start     stm32f4xx_hal_dma.o
    0x08001872   0x08001872   0x00000002   PAD
    0x08001874   0x08001874   0x00000024   Code   RO         2804    i.HAL_Delay         stm32f4xx_hal.o
    0x08001898   0x08001898   0x000001cc   Code   RO         2260    i.HAL_GPIO_Init     stm32f4xx_hal_gpio.o
    0x08001a64   0x08001a64   0x0000000a   Code   RO         2264    i.HAL_GPIO_WritePin  stm32f4xx_hal_gpio.o
    0x08001a6e   0x08001a6e   0x00000002   PAD
    0x08001a70   0x08001a70   0x0000000c   Code   RO         2812    i.HAL_GetTick       stm32f4xx_hal.o
    0x08001a7c   0x08001a7c   0x00000010   Code   RO         2816    i.HAL_IncTick       stm32f4xx_hal.o
    0x08001a8c   0x08001a8c   0x00000034   Code   RO         2817    i.HAL_Init          stm32f4xx_hal.o
    0x08001ac0   0x08001ac0   0x00000040   Code   RO         2818    i.HAL_InitTick      stm32f4xx_hal.o
    0x08001b00   0x08001b00   0x00000084   Code   RO         3539    i.HAL_MspInit       stm32f4xx_hal_msp.o
    0x08001b84   0x08001b84   0x00000016   Code   RO         2667    i.HAL_NVIC_EnableIRQ  stm32f4xx_hal_cortex.o
    0x08001b9a   0x08001b9a   0x00000002   PAD
    0x08001b9c   0x08001b9c   0x00000040   Code   RO         2673    i.HAL_NVIC_SetPriority  stm32f4xx_hal_cortex.o
    0x08001bdc   0x08001bdc   0x00000024   Code   RO         2674    i.HAL_NVIC_SetPriorityGrouping  stm32f4xx_hal_cortex.o
    0x08001c00   0x08001c00   0x00000130   Code   RO         1854    i.HAL_RCC_ClockConfig  stm32f4xx_hal_rcc.o
    0x08001d30   0x08001d30   0x0000000c   Code   RO         1859    i.HAL_RCC_GetHCLKFreq  stm32f4xx_hal_rcc.o
    0x08001d3c   0x08001d3c   0x00000020   Code   RO         1861    i.HAL_RCC_GetPCLK1Freq  stm32f4xx_hal_rcc.o
    0x08001d5c   0x08001d5c   0x00000020   Code   RO         1862    i.HAL_RCC_GetPCLK2Freq  stm32f4xx_hal_rcc.o
    0x08001d7c   0x08001d7c   0x00000064   Code   RO         1863    i.HAL_RCC_GetSysClockFreq  stm32f4xx_hal_rcc.o
    0x08001de0   0x08001de0   0x0000031c   Code   RO         1866    i.HAL_RCC_OscConfig  stm32f4xx_hal_rcc.o
    0x080020fc   0x080020fc   0x00000080   Code   RO          351    i.HAL_SPI_Init      stm32f4xx_hal_spi.o
    0x0800217c   0x0800217c   0x0000004c   Code   RO         3299    i.HAL_SPI_MspInit   spi.o
    0x080021c8   0x080021c8   0x000001d8   Code   RO          360    i.HAL_SPI_TransmitReceive  stm32f4xx_hal_spi.o
    0x080023a0   0x080023a0   0x00000018   Code   RO         2676    i.HAL_SYSTICK_CLKSourceConfig  stm32f4xx_hal_cortex.o
    0x080023b8   0x080023b8   0x00000002   Code   RO         2677    i.HAL_SYSTICK_Callback  stm32f4xx_hal_cortex.o
    0x080023ba   0x080023ba   0x00000028   Code   RO         2678    i.HAL_SYSTICK_Config  stm32f4xx_hal_cortex.o
    0x080023e2   0x080023e2   0x00000008   Code   RO         2679    i.HAL_SYSTICK_IRQHandler  stm32f4xx_hal_cortex.o
    0x080023ea   0x080023ea   0x00000050   Code   RO         1305    i.HAL_TIMEx_MasterConfigSynchronization  stm32f4xx_hal_tim_ex.o
    0x0800243a   0x0800243a   0x00000036   Code   RO          659    i.HAL_TIM_Base_Init  stm32f4xx_hal_tim.o
    0x08002470   0x08002470   0x00000028   Code   RO         3341    i.HAL_TIM_Base_MspInit  tim_1.o
    0x08002498   0x08002498   0x00000002   Code   RO         1548    i.HAL_UART_ErrorCallback  stm32f4xx_hal_uart.o
    0x0800249a   0x0800249a   0x00000002   PAD
    0x0800249c   0x0800249c   0x00000110   Code   RO         1551    i.HAL_UART_IRQHandler  stm32f4xx_hal_uart.o
    0x080025ac   0x080025ac   0x00000062   Code   RO         1552    i.HAL_UART_Init     stm32f4xx_hal_uart.o
    0x0800260e   0x0800260e   0x00000002   PAD
    0x08002610   0x08002610   0x000000f0   Code   RO         3383    i.HAL_UART_MspInit  usart.o
    0x08002700   0x08002700   0x00000002   Code   RO         1558    i.HAL_UART_RxCpltCallback  stm32f4xx_hal_uart.o
    0x08002702   0x08002702   0x00000002   Code   RO         1563    i.HAL_UART_TxCpltCallback  stm32f4xx_hal_uart.o
    0x08002704   0x08002704   0x00000002   Code   RO         3435    i.HardFault_Handler  stm32f4xx_it.o
    0x08002706   0x08002706   0x00000002   PAD
    0x08002708   0x08002708   0x0000002c   Code   RO         3274    i.MX_DMA_Init       dma_1.o
    0x08002734   0x08002734   0x000000d0   Code   RO         3244    i.MX_GPIO_Init      gpio.o
    0x08002804   0x08002804   0x0000005c   Code   RO         3300    i.MX_SPI5_Init      spi.o
    0x08002860   0x08002860   0x00000050   Code   RO         3342    i.MX_TIM6_Init      tim_1.o
    0x080028b0   0x080028b0   0x00000054   Code   RO         3384    i.MX_USART1_UART_Init  usart.o
    0x08002904   0x08002904   0x0000004c   Code   RO         3385    i.MX_USART6_UART_Init  usart.o
    0x08002950   0x08002950   0x00000002   Code   RO         3436    i.MemManage_Handler  stm32f4xx_it.o
    0x08002952   0x08002952   0x00000002   Code   RO         3437    i.NMI_Handler       stm32f4xx_it.o
    0x08002954   0x08002954   0x00000020   Code   RO         2680    i.NVIC_SetPriority  stm32f4xx_hal_cortex.o
    0x08002974   0x08002974   0x00000074   Code   RO         2995    i.PID_Calc          can.o
    0x080029e8   0x080029e8   0x00000082   Code   RO         2996    i.PID_Calc_Debug    can.o
    0x08002a6a   0x08002a6a   0x00000002   PAD
    0x08002a6c   0x08002a6c   0x00000018   Code   RO         2997    i.PID_Reset         can.o
    0x08002a84   0x08002a84   0x00000002   Code   RO         3438    i.PendSV_Handler    stm32f4xx_it.o
    0x08002a86   0x08002a86   0x00000020   Code   RO          375    i.SPI_CheckFlag_BSY  stm32f4xx_hal_spi.o
    0x08002aa6   0x08002aa6   0x00000096   Code   RO          393    i.SPI_WaitFlagStateUntilTimeout  stm32f4xx_hal_spi.o
    0x08002b3c   0x08002b3c   0x00000002   Code   RO         3439    i.SVC_Handler       stm32f4xx_it.o
    0x08002b3e   0x08002b3e   0x0000000e   Code   RO         3440    i.SysTick_Handler   stm32f4xx_it.o
    0x08002b4c   0x08002b4c   0x000000a0   Code   RO         3174    i.SystemClock_Config  main.o
    0x08002bec   0x08002bec   0x00000054   Code   RO         3778    i.SystemInit        system_stm32f4xx.o
    0x08002c40   0x08002c40   0x000000c0   Code   RO          743    i.TIM_Base_SetConfig  stm32f4xx_hal_tim.o
    0x08002d00   0x08002d00   0x00000010   Code   RO         1565    i.UART_DMAAbortOnError  stm32f4xx_hal_uart.o
    0x08002d10   0x08002d10   0x0000001c   Code   RO         1575    i.UART_EndRxTransfer  stm32f4xx_hal_uart.o
    0x08002d2c   0x08002d2c   0x0000008c   Code   RO         1577    i.UART_Receive_IT   stm32f4xx_hal_uart.o
    0x08002db8   0x08002db8   0x000002ac   Code   RO         1578    i.UART_SetConfig    stm32f4xx_hal_uart.o
    0x08003064   0x08003064   0x00000062   Code   RO         1579    i.UART_Transmit_IT  stm32f4xx_hal_uart.o
    0x080030c6   0x080030c6   0x00000002   PAD
    0x080030c8   0x080030c8   0x00000018   Code   RO         3441    i.USART1_IRQHandler  stm32f4xx_it.o
    0x080030e0   0x080030e0   0x0000000c   Code   RO         3442    i.USART6_IRQHandler  stm32f4xx_it.o
    0x080030ec   0x080030ec   0x00000002   Code   RO         3443    i.UsageFault_Handler  stm32f4xx_it.o
    0x080030ee   0x080030ee   0x00000002   Code   RO         3175    i._Error_Handler    main.o
    0x080030f0   0x080030f0   0x00000030   Code   RO         3925    i.__ARM_fpclassify  m_wm.l(fpclassify.o)
    0x08003120   0x08003120   0x00000360   Code   RO         3812    i.__hardfp_asin     m_wm.l(asin.o)
    0x08003480   0x08003480   0x000002d8   Code   RO         3897    i.__hardfp_atan     m_wm.l(atan.o)
    0x08003758   0x08003758   0x000001f0   Code   RO         3826    i.__hardfp_atan2    m_wm.l(atan2.o)
    0x08003948   0x08003948   0x00000014   Code   RO         3838    i.__hardfp_fabs     m_wm.l(fabs.o)
    0x0800395c   0x0800395c   0x0000007a   Code   RO         3844    i.__hardfp_sqrt     m_wm.l(sqrt.o)
    0x080039d6   0x080039d6   0x000000f8   Code   RO         3927    i.__kernel_poly     m_wm.l(poly.o)
    0x08003ace   0x08003ace   0x00000014   Code   RO         3912    i.__mathlib_dbl_infnan  m_wm.l(dunder.o)
    0x08003ae2   0x08003ae2   0x00000014   Code   RO         3913    i.__mathlib_dbl_infnan2  m_wm.l(dunder.o)
    0x08003af6   0x08003af6   0x00000002   PAD
    0x08003af8   0x08003af8   0x00000020   Code   RO         3914    i.__mathlib_dbl_invalid  m_wm.l(dunder.o)
    0x08003b18   0x08003b18   0x00000020   Code   RO         3917    i.__mathlib_dbl_underflow  m_wm.l(dunder.o)
    0x08003b38   0x08003b38   0x0000000e   Code   RO         3976    i.__scatterload_copy  mc_w.l(handlers.o)
    0x08003b46   0x08003b46   0x00000002   Code   RO         3977    i.__scatterload_null  mc_w.l(handlers.o)
    0x08003b48   0x08003b48   0x0000000e   Code   RO         3978    i.__scatterload_zeroinit  mc_w.l(handlers.o)
    0x08003b56   0x08003b56   0x00000002   PAD
    0x08003b58   0x08003b58   0x0000000c   Code   RO         3954    i.__set_errno       mc_w.l(errno.o)
    0x08003b64   0x08003b64   0x00000010   Code   RO         3899    i.atan              m_wm.l(atan.o)
    0x08003b74   0x08003b74   0x00000048   Code   RO         3718    i.dbus_uart_init    bsp_uart.o
    0x08003bbc   0x08003bbc   0x00000018   Code   RO         3840    i.fabs              m_wm.l(fabs.o)
    0x08003bd4   0x08003bd4   0x000004aa   Code   RO         3570    i.imu_ahrs_update   bsp_imu.o
    0x0800407e   0x0800407e   0x00000002   PAD
    0x08004080   0x08004080   0x00000174   Code   RO         3571    i.imu_attitude_update  bsp_imu.o
    0x080041f4   0x080041f4   0x0000012c   Code   RO         3572    i.imu_data_filtering  bsp_imu.o
    0x08004320   0x08004320   0x00000070   Code   RO         3573    i.imu_init          bsp_imu.o
    0x08004390   0x08004390   0x000001cc   Code   RO         3574    i.init_quaternion   bsp_imu.o
    0x0800455c   0x0800455c   0x0000002c   Code   RO         3575    i.inv_sqrt          bsp_imu.o
    0x08004588   0x08004588   0x0000000a   Code   RO         3576    i.ist8310_get_data  bsp_imu.o
    0x08004592   0x08004592   0x00000100   Code   RO         3577    i.ist8310_init      bsp_imu.o
    0x08004692   0x08004692   0x00000038   Code   RO         3578    i.ist_reg_read_by_mpu  bsp_imu.o
    0x080046ca   0x080046ca   0x00000042   Code   RO         3579    i.ist_reg_write_by_mpu  bsp_imu.o
    0x0800470c   0x0800470c   0x00000024   Code   RO         3245    i.led_off           gpio.o
    0x08004730   0x08004730   0x000000f0   Code   RO         3177    i.main              main.o
    0x08004820   0x08004820   0x00000064   Code   RO         3580    i.mpu_device_init   bsp_imu.o
    0x08004884   0x08004884   0x00000100   Code   RO         3581    i.mpu_get_data      bsp_imu.o
    0x08004984   0x08004984   0x0000008e   Code   RO         3582    i.mpu_master_i2c_auto_read_config  bsp_imu.o
    0x08004a12   0x08004a12   0x00000002   PAD
    0x08004a14   0x08004a14   0x000000a4   Code   RO         3583    i.mpu_offset_call   bsp_imu.o
    0x08004ab8   0x08004ab8   0x00000050   Code   RO         3584    i.mpu_read_byte     bsp_imu.o
    0x08004b08   0x08004b08   0x0000005c   Code   RO         3585    i.mpu_read_bytes    bsp_imu.o
    0x08004b64   0x08004b64   0x0000000a   Code   RO         3586    i.mpu_set_accel_fsr  bsp_imu.o
    0x08004b6e   0x08004b6e   0x0000000a   Code   RO         3587    i.mpu_set_gyro_fsr  bsp_imu.o
    0x08004b78   0x08004b78   0x00000054   Code   RO         3588    i.mpu_write_byte    bsp_imu.o
    0x08004bcc   0x08004bcc   0x0000008c   Code   RO         3720    i.rc_callback_handler  bsp_uart.o
    0x08004c58   0x08004c58   0x00000034   Code   RO         2999    i.set_CM_speed      can.o
    0x08004c8c   0x08004c8c   0x000002dc   Code   RO         3000    i.set_Chassis_Pid_Speed  can.o
    0x08004f68   0x08004f68   0x00000020   Code   RO         3001    i.set_GM_speed      can.o
    0x08004f88   0x08004f88   0x0000006e   Code   RO         3846    i.sqrt              m_wm.l(sqrt.o)
    0x08004ff6   0x08004ff6   0x00000002   PAD
    0x08004ff8   0x08004ff8   0x00000060   Code   RO         3721    i.uart_receive_handler  bsp_uart.o
    0x08005058   0x08005058   0x00000008   Data   RO         2379    .constdata          stm32f4xx_hal_dma.o
    0x08005060   0x08005060   0x00000014   Data   RO         3590    .constdata          bsp_imu.o
    0x08005074   0x08005074   0x00000010   Data   RO         3779    .constdata          system_stm32f4xx.o
    0x08005084   0x08005084   0x00000008   Data   RO         3780    .constdata          system_stm32f4xx.o
    0x0800508c   0x0800508c   0x00000004   PAD
    0x08005090   0x08005090   0x00000050   Data   RO         3815    .constdata          m_wm.l(asin.o)
    0x080050e0   0x080050e0   0x00000098   Data   RO         3900    .constdata          m_wm.l(atan.o)
    0x08005178   0x08005178   0x00000008   Data   RO         3929    .constdata          m_wm.l(qnan.o)
    0x08005180   0x08005180   0x00000020   Data   RO         3974    Region$$Table       anon$$obj.o


    Execution Region RW_IRAM1 (Exec base: 0x20000000, Load base: 0x080051a0, Size: 0x00000bd8, Max: 0x00030000, ABSOLUTE, COMPRESSED[0x00000080])

    Exec Addr    Load Addr    Size         Type   Attr      Idx    E Section Name        Object

    0x20000000   COMPRESSED   0x0000000c   Data   RW         2824    .data               stm32f4xx_hal.o
    0x2000000c   COMPRESSED   0x00000350   Data   RW         3005    .data               can.o
    0x2000035c   COMPRESSED   0x00000008   Data   RW         3182    .data               main.o
    0x20000364   COMPRESSED   0x00000004   Data   RW         3444    .data               stm32f4xx_it.o
    0x20000368   COMPRESSED   0x00000064   Data   RW         3591    .data               bsp_imu.o
    0x200003cc   COMPRESSED   0x00000004   Data   RW         3781    .data               system_stm32f4xx.o
    0x200003d0   COMPRESSED   0x00000004   Data   RW         3955    .data               mc_w.l(errno.o)
    0x200003d4        -       0x000001d4   Zero   RW         3003    .bss                can.o
    0x200005a8        -       0x0000001c   Zero   RW         3004    .bss                can.o
    0x200005c4        -       0x00000058   Zero   RW         3301    .bss                spi.o
    0x2000061c        -       0x0000003c   Zero   RW         3343    .bss                tim_1.o
    0x20000658        -       0x000000e0   Zero   RW         3386    .bss                usart.o
    0x20000738        -       0x00000084   Zero   RW         3589    .bss                bsp_imu.o
    0x200007bc        -       0x0000001c   Zero   RW         3722    .bss                bsp_uart.o
    0x200007d8        -       0x00000400   Zero   RW         3560    STACK               startup_stm32f427xx.o


==============================================================================

Image component sizes


      Code (inc. data)   RO Data    RW Data    ZI Data      Debug   Object Name

      3808        268         20        100        132      14856   bsp_imu.o
       308         18          0          0         28       3314   bsp_uart.o
      2362        184          0        848        496      13308   can.o
        44          4          0          0          0        750   dma_1.o
       244         22          0          0          0       1521   gpio.o
       402         24          0          8          0       4523   main.o
       168         38          0          0         88       1605   spi.o
        36          8        428          0       1024        800   startup_stm32f427xx.o
       180         28          0         12          0       4569   stm32f4xx_hal.o
      1662          6          0          0          0     758871   stm32f4xx_hal_can_1.o
       228         14          0          0          0      32125   stm32f4xx_hal_cortex.o
       898         16          8          0          0       6295   stm32f4xx_hal_dma.o
       470         52          0          0          0       2440   stm32f4xx_hal_gpio.o
       132          6          0          0          0        906   stm32f4xx_hal_msp.o
      1276         86          0          0          0       5620   stm32f4xx_hal_rcc.o
       782          0          0          0          0       4409   stm32f4xx_hal_spi.o
       246         44          0          0          0       2725   stm32f4xx_hal_tim.o
        80          0          0          0          0       1292   stm32f4xx_hal_tim_ex.o
      1342         14          0          0          0       7447   stm32f4xx_hal_uart.o
       150         40          0          4          0       6791   stm32f4xx_it.o
        84         18         24          4          0       1159   system_stm32f4xx.o
       120         34          0          0         60       1502   tim_1.o
       400        100          0          0        224       2426   usart.o

    ----------------------------------------------------------------------
     15454       1024        516        976       2052     879254   Object Totals
         0          0         32          0          0          0   (incl. Generated)
        32          0          4          0          0          0   (incl. Padding)

    ----------------------------------------------------------------------

      Code (inc. data)   RO Data    RW Data    ZI Data      Debug   Library Member Name

       864         94         80          0          0        280   asin.o
       744        106        152          0          0        352   atan.o
       496         64          0          0          0        192   atan2.o
       104         16          0          0          0        496   dunder.o
        44          0          0          0          0        248   fabs.o
        48          0          0          0          0        124   fpclassify.o
       248          0          0          0          0        152   poly.o
         0          0          8          0          0          0   qnan.o
       232          0          0          0          0        296   sqrt.o
        86          0          0          0          0          0   __dczerorl2.o
         0          0          0          0          0          0   entry.o
         0          0          0          0          0          0   entry10a.o
         0          0          0          0          0          0   entry11a.o
         8          4          0          0          0          0   entry2.o
         4          0          0          0          0          0   entry5.o
         0          0          0          0          0          0   entry7b.o
         0          0          0          0          0          0   entry8b.o
         8          4          0          0          0          0   entry9a.o
        12          6          0          4          0         68   errno.o
        30          0          0          0          0          0   handlers.o
        36          8          0          0          0         68   init.o
         0          0          0          0          0          0   iusefp.o
        30          0          0          0          0         68   llshl.o
        36          0          0          0          0         68   llsshr.o
        32          0          0          0          0         68   llushr.o
        36          0          0          0          0         68   memcpya.o
        98          0          0          0          0         92   uldiv.o
        48          0          0          0          0         68   cdrcmple.o
        56          0          0          0          0         88   d2f.o
       334          0          0          0          0        148   dadd.o
       222          0          0          0          0        100   ddiv.o
       186          0          0          0          0        176   depilogue.o
        62          0          0          0          0         80   dfixi.o
        34          0          0          0          0         76   dflti.o
       228          0          0          0          0         96   dmul.o
       162          0          0          0          0        100   dsqrt.o
        38          0          0          0          0         68   f2d.o
       110          0          0          0          0        168   fepilogue.o

    ----------------------------------------------------------------------
      4686        302        240          4          0       3808   Library Totals
        10          0          0          0          0          0   (incl. Padding)

    ----------------------------------------------------------------------

      Code (inc. data)   RO Data    RW Data    ZI Data      Debug   Library Name

      2780        280        240          0          0       2140   m_wm.l
       416         22          0          4          0        500   mc_w.l
      1480          0          0          0          0       1168   mf_w.l

    ----------------------------------------------------------------------
      4686        302        240          4          0       3808   Library Totals

    ----------------------------------------------------------------------

==============================================================================


      Code (inc. data)   RO Data    RW Data    ZI Data      Debug   

     20140       1326        756        980       2052     869566   Grand Totals
     20140       1326        756        128       2052     869566   ELF Image Totals (compressed)
     20140       1326        756        128          0          0   ROM Totals

==============================================================================

    Total RO  Size (Code + RO Data)                20896 (  20.41kB)
    Total RW  Size (RW Data + ZI Data)              3032 (   2.96kB)
    Total ROM Size (Code + RO Data + RW Data)      21024 (  20.53kB)

==============================================================================

